536882206
10
bbabbaababbbbaababbaaaabbaab
bbbaaaabbab
abbabaababababbbbaabbabbbababbbabbbaba
ababbbaaaababbbbaabbbbbbabbb
abaabaaaabbaababbbbbbaabaabbaabbabbabbaa
aabbbbbabbababaaaabbbabaabaaaa
aabbbaaabbbaaaaabbababbbaaabbbbbbbbb
aabbbabaaababbaabaaaaaaaababbabbbbaab
aaaabaaaababaabbaababbababbbb
aaabbaaaabbaabaaaabbbabbbbbbaababaababaa
