73367661369
92
aaababaabbbbbaaabaaaabbbba
aaababaabbaababaabbbbabaaaabaa
aaabbbbbbaaabaaabbbaaaa
aaabbbbababbbaaabbaabbaabababbba
aaabbaaabaababbaabaababaaaaababaabaa
aaabbabaababababaabbaaaababbaababab
aaaaaabbabaabbbbababbababbbbb
aaaaaababbbabaaabbabbabb
aaaaaaaaabbbbabbbaabaa
aaaaaaabababbaaaaaababbbbbabbaba
aaaabaabaaabbabbaaabaaaabaabbbba
aaaabaabababbbaabbabbaabbbabbba
aaaabbbbbaaaaaababbbabaababbbaaaaabba
aaaabbabbbabbbbaabbabaaaba
aabbbabbaaaabbbaabababbbbaaaaabaaaaabba
aabbbbababbabaababbbaabaabaabbbbaaabb
aabbaabbbabaababaabbbabbaaaababab
aabbababbbaababbaababbbabbbaabaabbbbaaab
aabbabbbabbbbbbbabbab
aababaabbaaababbabbbbaaaaabbb
aababbabbaaaababbbaabbabbaaaabababaa
aababbbbaaabaabbaaababba
aabaabaabaaabaaaaabbbbaabbbabbab
aabaabbbababaababbabbaabb
abaaabbaabaaaaabbbaabbaaaaaabbaab
abaabaabaabaababbbbabaabbbab
abaabaaabbabbaabaabababba
abaabaaabaaabbaabbbbaaabaaabaaabbbbbaaa
abaababbbbbbaababaaaa
ababababaaabababbaaababababaaabb
ababbaababbaababbaaabaababababba
ababbbbbbaabbbababbaaabbabaaaaabababa
ababbbbbbbbabaababaabaaaaaa
ababbbbabbaaabbaabbbaabbabaaababbab
ababbbaaabababbabaabba
ababbbabbbab
abbaabababbbaabbabaabbbbbbbaaabababbbbba
abbabaaaabbabbbaababbababbbaaabaabba
abbabbaabaaabbabbbbb
abbbaabaababaabbbbaaabbbbabaaabb
abbbabbabbabbbabbb
abbbababbabbbbbbbbabaababaabbbabaab
abbbababaabbabaaabbaabbbbaababbaba
abbbbababaaaaabababaaaabaaaba
abbbbabaaaaabbbbbbaabababbbabbbb
abbbbbaabbbaabbbababbabaa
abbbbbaaabaaaaabbabaabbabbaaaababba
abbbbbbbaabaabbabbaaaabbababbaaabababba
abbbbbbbbbabbaaababaaaaaaaabbaabaab
babb
babaaabbbbabbbbbabbbbbbbabaabbbb
babaaaaaabbaabbaaabbbbaaaabbbba
babaaaabbbababbbbababbbaaaabbabaababbba
babaaaabbabbbbbbbbbbbbbaba
babababbababaababbbbbbbbaabbababb
bababaab
bababbbaaaababbbbaabbbbbbabbb
baabaabaaaaababbbbbaaab
baabbaabbaabbaaaabbaabbaabbbb
baabbbbabbbbababaaaabaabaaaabbb
baabbbaaaabbbbaaabbab
baabbbaaabbaabbbbbba
baabbbabbaaaabababaabbbaabbbbabbbab
baaaababaaaabbbabaabbababab
baaabaaaaabbbbbbbababababa
bbabaaababaaabbbabaabbabababbabbbb
bbababaabbabbaaabaaaaaabbaaaaababba
bbababaaabbbbbbbba
bbabababaaabaaaabaabaaaaabbabbb
bbabababbbbbaabaababaaabaabbabbbaabbbba
bbabbbaaabbaaabbbbabbaaabaaabbbbbbbbbbbb
bbabbbbbabaabababbbbaababbaabaababbbb
bbabbbbbababaaababaababaaaaaaab
bbabbbbababaabbabbaabbbababaaaaaabbbb
bbabbbbababbbbabbbbbabbaaabaaabbaaaa
bbabbabbaaabaaabaabbbaaababbbbba
bbaaabbabbbbbbaaaababbababbababbaabaaa
bbaaabbabbababbaabaababaabbbbbab
bbaaabbabbaabbbbbaaaaabbbbaaaaabbabb
bbaaaaaaaaabaaabbaabaaabaabbbaaabbbb
bbaabaaabbabbbaaaaaabaabbabaabaaa
bbaababbabaabaabaabaaabbbaaab
bbaabbaaabbbbbaaabbbbaababbaabbbbaa
bbbbaabbabbaaa
bbbbaababaaabbbabbbaabbbababaaa
bbbbaaaabbaabbbbaaabbababaaaa
bbbbbabbabbbbaabbababbabbbbbaa
bbbbbbbbababbaabbabbbbbbab
bbbaababababbbbbababaa
bbbaabbbbbaabbbabbbbbbbbaabaababbaa
bbbabaaabaaaaabaaa
bbbabbbabbabaaaaaaabbaaaab
