151243483170
867
babaaabbabaabbaaabbababababbababbbbaaaab
babaaabbbababaaaabbbaaaaaabbba
babaaabbbabbabba
babaaabbbbbaaabbaabb
babaaabbbbbbabbabbbbbaaabababaaabbaaabb
babaaabbbbbbbbabbbbabbbabbaaaabbbbaab
babaaabaabbbbaaaaabbabbbaaaabaabaaababb
babaaabaaabbaaaaabaabaaabaaaa
babaaababbbbaaababbabbabaabba
babaaabababaabbababbbabb
babaaaabbbabbabbbbbbbbbababaaabba
babaaaabaaabaaaaaabbaabbbbabbaa
babaaaabaaaaabbbabbbbaaaa
babaaaabababaaabbbba
babaaaababbabaabbaaababbaaaaab
babaaaaabbaaaaabaaaaaaaababbbbbaababa
babaaaaabbabbbbbbaabbbab
babaabbaabaabaaababbbbbababbbbaabbb
babaabbaabbbbbbabbbaabbababbaaabaaaaa
babaabbababaaaababbaaaaabbbba
babaabbabaaababbbbaaaabbaabaababa
babaabbbbabaaabaaabbbaabb
babaabbbabbbabaaababaababbababbbbabbbba
babaabbbaabbbaaaaabaabaababaaa
babaababbaaaabaabbbababaababbababaaaa
babaababbabbbbbabaabbbaababbaabbbaaaa
babaababbabbbbaaa
babaababbbabbbbbbaaababaaba
babaabababbbabaababaababbaabbbababbbbb
babaababaaaabbbbaaabbaaaaaaabbbaabaab
babaababaabaaabaaabaabbbabbaaabbab
babaabaabaaabbbbbbbbaaabbbabaabbabaaab
babaabaaaaaaaabbbaababbabbaabbaa
babaabaaaaaabab
babababbbabaaabbbabaabaaba
babababbbababaaabbaabbaaabaabbaaa
babababbbbbbabaaababaaaa
babababbabbbabbaaabbbbbaaa
babababbabbbbbbaaabbaaababbabaaaabba
babababbaaaaabaabbaaaaaaaaabababbabbbb
babababbaabbbaaabaabaabaababba
bababababaabbaaaaaaaabbaaaabbbaaaaabbba
bababababaabaabaaaaababaaaaaaaaaabbbbaba
bababababaaaababaabbbbaababaabbaaa
bababaababaaabaaabbaabbbaaaabbabbaaab
bababaabababbbabbaababbaaabaaaabaaaab
bababaabbbbabaaaaaabababbababaababaabbb
bababaabbbabbabaabbbabbbbbaabaaaabaaba
bababaaaabbbabbbaaaabbaaaaaaaaaaaaabbb
bababaaaaaabaaababbbabaa
bababaaabbbbbbaabababababaaaba
bababaaabbaababbababaabbaaaabbaaaabba
bababbbabbbbbbbbabbababbbaaaaaaabb
bababbbaaabbbbabbabbaaabbaaabbaabababb
bababbbaababbbabbbaaaabbaaabbaabbaaba
bababbbbbbbaabbabaaabbbb
bababbbbbababaaaaabbabaaaaabaaaaaab
bababbbbbabbaaaabaaaabaaabbbabaaaaaba
bababbaaaaabbaabbabbabbababbbbabaaaabbba
bababbaaabaabbaabbbabbabaabbba
bababbaabbbaaaaaaabbaababababaaba
bababbabbbbaaaaaababbaabbaabbb
bababbabbaaaaaaabaaaa
bababbabbabaaaabbabbbaaabaabbabba
bababbabbabbbbbbbaba
bababbabbabbaabbbbbbaababaaabbabbabaabaa
babbabbaaabbbaaabbaabaabbaaabbaa
babbabbaabbbbababbaaaaabaa
babbabbabbbbbababbabbabbabbbbbbbababab
babbabbabaaabbbbabbabbbaabaabbbb
babbabbbbbbaabaababaaaababbbababaaa
babbabbbabbaaaaabaaaabbbabbaabbbbaaaaa
babbabbbabbbbaabbbbaaababaabbbbaaabbb
babbabbbaaabbabaaababababbabaaaabaabb
babbabaabbbaaaaababbbbabbbbbbabaaaaab
babbabaabbabaabaabbabaabbbbbbb
babbabaaabbaaabbaaaa
babbabaaaabaaaaabbabbbbbabbaaababbbaaaaa
babbababbbaaaabaababbbabbababbabaaabaaba
babbababbabbbbbabaabbbbabbbbbbababbb
babbababbabaaabababaaabaababaa
babbababbabaaabbbbabababbbbbabaababb
babbabababbbbbbbbbbabababaaaaababbbbaba
babbababaaaabbaaaaba
babbaaaababaaaabaababaabaabbabbbabaa
babbaaaabbaabbabbabbbbaaaaababbbbabb
babbaaaaabbbbbabaaaaaaabbba
babbaaabbbbbabbbbababbabababbb
babbaaabaababbbabbabababa
babbaaabaabbbabbabbaababbbba
babbaaababababbbaabbbbbbbabbabaabaaa
babbaabbabaaaaaaabbaaababbbbbabba
babbaabbababaababbbbaaabaa
babbaabbaaaaabbbbaaaabbbbbab
babbaababbbbbaaabbbbbabaaaababbb
babbaababaaabaaaabababaaabbbaaaaa
babbaababaaaaabbbaabaaaabaaabbbabbaabbaa
babbaabaaaabbabbbabaabbbabbbababba
babbaabaaabbbaabbabbabaabaaabaaaabbb
babbbaaaabaa
babbbaaabaaabbaaabaabbaaababbbbbbaaabaa
babbbaabaaba
babbbaabbbbaaababbbbabb
babbbaabbbbaaabbbbbbbabaaaa
babbbaabbbabaaaaabaabbaabbabbbb
babbbabaabbaaaaaababbabbaaaabaabbbaaa
babbbabaabbabbaaabbbabbaabb
babbbabaaabbababaaaabbbbaabaababbb
babbbabaaaababab
babbbabbba
babbbabbbbabbaaabaabbbbbbaabaaabaaabbbb
babbbabbaaabaaaabbabbbabaababbbbaabb
babbbabbabaabaabbbbbbbababbbbabbababaaba
babbbabbabbabaaabbaaabbb
babbbbbabaabbaaabaaabbaaaaaab
babbbbbababaabaabaaaabab
babbbbbabbbaabbbaaabababaabbbabbaa
babbbbbbbbbaaaaaaaaaaaabaabbbbbbaa
babbbbbbbbaabbbaaabaababaababababaaaaab
babbbbaaaaaabbaaabaabaabbabab
babbbbaabaaaaabbabaaababbbbabbabaabbaaa
babbbbaabaabbbaabbbabab
babbbbaabaabbbaabbaabbbabbbaabbbbaaaab
babbbbaababaabbbabbbaaabaabaaabbaabbbbbb
babbbbaababbbbbbbaababa
babbbbabaabaabbbbaaaaabaabbbbbabbaabb
babbbbabaaabbbbbaaabbbbaabbbbaaaabbaaba
babbbbabaaaababaabbbabbbbbaaaaabbaaaaaab
babbbbabbbaaaabbaabbbbaa
babbbbabbabbbaabaabaababbabbbaaaab
baaaabbbbbbabbbbbaababaaaabababbbbabbba
baaaabbbaaabaabbaaa
baaaabbbaaabaaabaaaba
baaaabbabbbbaabbabaabbbababbaa
baaaabaaabbababbbbaabbaaabbaaabbbaaaaaab
baaaabaaaabaabbbbaaaaaabbbabbaaabba
baaaabaabaaabaaababbbbbbabaaaabb
baaaabaabaabbbabaabaabbabbaabbbaabbb
baaaabaabaabbbaaaabaaaabaaabbbbbbaaa
baaaababbbbabbbbabbabbbaab
baaaabababaababbaa
baaaababababaabaabababbaaaab
baaaabababbaababbaaabbabbbaabba
baaaababaaaaaabb
baaaaabbaaabaabbbbabbaaaabbaababab
baaaaabbaaabbabaababaabbaaa
baaaaabbabbaababaaabaaaabbbabbbaaabbaa
baaaaabbabaabbaaaabbabbbaaaaaaaabbababbb
baaaaabbabababbbbbbabbaaabbabbababaabab
baaaaabbbbabbbbaabababbbbbbbba
baaaaabbbabbababbabbbabbababbabbbbbbba
baaaaabbbabaaababbaaabbaabbbbaab
baaaaabaabaabbabbabbabbbabbaababbba
baaaaabaaaabaabaaaabbbb
baaaaababbabbababbbabaaabbaabaabbbbb
baaaaababababbababbbababbabaababbbbaaa
baaaaababaabbabaaaaababbbababbabaaaa
baaaaaaaaabaabaaaababaaaabaabaabab
baaaaaaaabbbbbabbaaaaaababaaaba
baaaaaaabaabaabbab
baaaaaaabbbaabbbaaabbaaaab
baaaaaaabbababaaabbabbbbbaabbaaba
baaaaaabbbbbbabbbbbabbbaabbbbababaaabbaa
baaaaaabbaabbbbbaabbbbbbbaabaabaaaaaaa
baaaaaababbababbbbbbbbbaabababb
baaaaaababbababaabababaaaaaaaaabaaa
baaabb
baaabaabbbaaaaaabababaababbaabbaaab
baaabaabaabaababbbaababaabaa
baaabaababbabababbaabbba
baaabaababbbaaaabaaabbbabbbababaaa
baaabaaaaabbabbbbbaaaaaababbbaabbbabaaa
baaabaaaaabababbbaabbbbbabababaabba
baaabaaabaababbbabababb
baaabaaabbaaabaabaaabaaabaabaaabb
baaabaaabbbbabbbaababaaaabaababbababaaaa
baaababbbaaaaabaabaa
baaabababaaaaaababbbbabbbaaaababaaa
baaabababbaaabaaaabbbabbbbbaaabaaabbabaa
baaabababbbbaaaaaabaabbababaaaa
baaabababbbababbaababbbaaa
baaababaabbbaaaaababbbababbaabaaa
baababbbbaabbbaaabbbbaaabaabba
baababbbbbaabbabbbaabbbabbbabbbabab
baababbbabaaaabaaabaabbbbbbabbaaaaba
baababbaabbbbabbbbbbabaaba
baababbaaaaababaababababaaabbbbaaa
baababbabbabaabababbbaaaabbabbbbbbababa
baababbabaaabbbaaaaababaabababaaabbb
baababbababbbbbabbbababbabbbabba
baababbabababababbababbbababbb
baababaababaababbabaabbabbbababa
baababaababbbbaababbabaabbb
baababababaaaaaaaabababbabbabbaaababb
baababababbabaababbaabaabaabbbabbbbb
baabababbbbaaaabbb
baabababbbbababbbabbababaaaa
baabababbbabbbbaabbabbba
baabababbaaabaabbaaaabbbaaaabaa
baabababbaabaabbaababaabbbaaaaaabbbabaab
baabaabaabb
baabaababaabbabbbabbababababbbaabaababa
baabaabbaabaaabbbabaaaabbabbbbbaaabbbbaa
baabaabbaabbaaaabaabbababbbabbb
baabaabbbbabbbbbbabbabaaa
baabaabbbabbaaaaaababababbabababbabba
baabaabbbaaaabaaabbabaa
baabaaaaaaababbabababaabaabbbaaa
baabaaaaaabbababbbabbbbabb
baabaaaaaabaabaaabaaabaababaa
baabaaaabaabaabababababbaabbabbaabbaabba
baabaaabaabbaabbbabbabbaabaa
baabaaabbabbbabbaabaaaabaaabbbbaab
baabbbbaabbaabaabbaababaabbaaaaa
baabbbbaaaaabaaaabbbbaabaabbabbb
baabbbbbbaabaaabbbbbbbabbbbbbabbaa
baabbbbbbb
baabbbbbaabbabbbbbbaabaaababaaaa
baabbbbbabbbaabbabbaaaabbab
baabbbabaababbaabbababbbabba
baabbbabaabbabba
baabbbabaabbaaababbaabbbabbbababbbaaa
baabbbababbbbbbbabababbaaaaabaabaabaaaba
baabbbabbabbaabaaaabaabbbabbbbaabbaaa
baabbbabbaabbbbbabbabaabbbbababaaaab
baabbbaabbbaabaab
baabbbaaabaaaababbbaabbbbbaabaabab
baabbbaaaabaaaaababbaab
baabbbaaaabbbaabaaaaababbbaa
baabbababbbbbbaaabbab
baabbababaababbbbaaababbbabaaababba
baabbababaaaaabbbabbabbaaabbba
baabbabaaaaaabbbaaababbbbbb
baabbabbbabaabbbbbaabaabbababbababb
baabbaababababbaabbbababbbbbababbbaabbb
baabbaabaa
baabbaaa
bbaa
bbabbaabbabaabbbabbbbaaabbbaabaababbbaba
bbabbaabaabbaabbbbabbbaaabababaaabaabbba
bbabbaababbbbbababaabbbaaabbaaabb
bbabbaaabbaaaaabaababbbbabb
bbabbaaababaabaaabbabababa
bbabbaaaaabbabbbbbabaabaabaaabbaaa
bbabbaaaaabaabababaabaabbabaabbbb
bbabbaaaaaaababbaabaaaabaaab
bbabbaaaaaaaa
bbabbabbaaababaabbaaabbbaababbbabaaaba
bbabbabbaaaabaaaaaabbabab
bbabbabbabaaababaababaabaababab
bbabbabbabbaaabaaa
bbabbabaaaaaaabbaabbabbbaaabbaaabab
bbabbabaaaaaaaaabaaabaababaabaaa
bbabbabaaaabaabaa
bbabbababbaabaaabbababaaabbabaababbbabba
bbabbabababaabbbbababaaabbaabaaa
bbabbbabaababaaaabbbaababbbbbbbbb
bbabbbabaaabaaaabb
bbabbbabababbaa
bbabbbabbbaaaaaabaabbbaabaa
bbabbbaaaaaaabbbbaabaabbaaabbababbabaaba
bbabbbaaabababababbb
bbabbbaabbbabababbaabaaaaaa
bbabbbaabbbbaabaaabaabbbabaaabbbbaaaabaa
bbabbbaabaaaaaaaabbababbbbaaaaaabababbba
bbabbbbaababbbbbaabaaaabaabb
bbabbbbaabbbaabbabbbbbabbbbbabababa
bbabbbbababbbbabababbabbbaa
bbabbbbabbaaa
bbabbbbabbbabbaabababaaaabaaa
bbabbbbbbbababbaabbbababbbaab
bbabbbbbbaababaaaaababbbaaabbbabbaabaa
bbabbbbbbabbbbaaabaaaabbbbaaaaabaababba
bbabbbbbabbbaabababbbbabbabb
bbabbbbbaabbababa
bbabbbbbaaaaabbabbabbabbabbaabbabbb
bbababbaaaaababababbbbabbaaabbabbabab
bbababbaaaaaabbbaaaabbbbbbbabbaaab
bbababbabaaaaaaaaaabbb
bbababbabbaababbbaababbbaabaaa
bbababbabbbaabaaaaabbbaba
bbababbabbbbbaababaababbbbbaabaaaaaa
bbababbbababbbabbbbaabaabbabb
bbababbbbbabbabaabbbaabbaababbaaaaabaaab
bbababbbbbbaaaababaaabaaabbbbbbaaab
bbababaababaabaabbaaabbbaaaba
bbababaaabbbbaaaaabaaaababababaabba
bbababaaabbaabababbabbbbabbaaaaaabbaba
bbababaaabaaabab
bbababababbbabbbbaabbbbbbabbaabbbbbab
bbabababb
bbabaabbbbbabbaaaababbaabaabbaabaa
bbabaabbabbaabbaaaaaaaaabaababbbbaabbba
bbabaabaaabababbbabaaba
bbabaababbaaaaaaabbbbbbabaaaabbaababab
bbabaaabbaaabaaabaaabaabbbbbbabbababbba
bbabaaabbabbbbaaabaabbba
bbabaaabbabbbbbaaabbabaaabbbaaaabbab
bbabaaabbababbbaaaababbaaabaaaa
bbabaaababababbbababaaaabbbb
bbabaaababaababbabbaabaaaabbaaabaabab
bbabaaababbbbbabbabbaaabbababbbbbbbbaa
bbabaaaaabaaaabbabaabbbbbbb
bbabaaaababaabbbabaa
bbabaaaabbbbabbaaaabbbaa
bbabaaaabbbabbbabbaaab
bbbabaababaaa
bbbabaabbaaabbababaabaabbbbbbbbabababb
bbbabaaa
bbbababaabaaaaaabaaabbbbaabbbaabaab
bbbababbbbaaabbbbbb
bbbababbbbbbabaaabaabbaabbaaaaabb
bbbababbbbbabbbabaa
bbbababbaababbbabbabaaaaabbaabaaabbbaa
bbbababbabaaaaababbaabbab
bbbabbaaabababbbbbaaaaabbaabbbaaabbaabba
bbbabbaaababaaabbaabbbbbaaabbaaa
bbbabbaabbbaaabaaabaaababbaaba
bbbabbabaaabaab
bbbabbabaabbababbaabbbbbabaaabbab
bbbabbabababababbbabbbabbbaababaaabbbbaa
bbbabbabbababaabaabbaabaaaaabbaabababb
bbbabbbbbbbaaababaa
bbbabbbbbaaababbbaaabbaababaaab
bbbabbbbbaabaabbba
bbbabbbbaabbababbaaaabaaabbaaababbabba
bbbabbbbababaaabbaabbaabbaabababbabab
bbbabbbbabbaaababbabbaabb
bbbabbbabbba
bbbabbbabbbbabaabaabaaabb
bbbabbbabbbbbaabbabaaaabaaba
bbbabbbababbbbbaaabbbbbbba
bbbabbbaabaabaaaabbaabaababbaaa
bbbaabbabababbbbbaabbbabaa
bbbaabbbbaaaaabaabbaabbbababb
bbbaabbbabaabbaababaaaaba
bbbaaba
bbbaaaaaabbbbbbabaabbbbabbaabababbaaba
bbbaaaabaabbbaabbbabbbaaabbbaababaabbbb
bbbaaaabababbabaaabb
bbbaaaababaabababb
bbbaaaabbbbbabaaababbabbab
bbbaaaabbbbabbbaababbbabba
bbbaaaabbabbbbaababba
bbbaaabbbaababaabaaaabbbbbbbbbaaaabbaaa
bbbaaabababbbbaababbbabababbabbab
bbbaaababbbababababbbaabbbabbaaaabbbbaba
bbbaaababbbbbbaababbaabbbababbbbabaabbb
bbbaaabaabbaababbabababbbbaa
bbbaaabaababbabbbbababbbbaaababab
bbbbbbbbaaabbaabbbabbabaaabaaab
bbbbbbbbababbaababbbbbbbbaabbaababababa
bbbbbbbabbbaaababbaaab
bbbbbbbaabbabbabbbababaaaaabbbbbbbb
bbbbbbaaaaababbabaabbabbbbaabbbaaaab
bbbbbbaaababaaaaaaab
bbbbbbaabbbbaababbaaaaabaababababa
bbbbbbaabababaabbbaabbabaaa
bbbbbbabbaabbbbaaabaababbb
bbbbbbabaaabaaabaaaaaabbaaabaaaabba
bbbbbbabaabbabbbbabaababaab
bbbbbbabaababaabababaaabbbbabaaaaabbaab
bbbbbaabababaabab
bbbbbaababbababaabbbbaababaabbaabbbbaaa
bbbbbaababbaaaa
bbbbbaababbaabbabaabbabbb
bbbbbaababbaabaabbabbbbbbab
bbbbbaabaaabbbababbbbabbabbaaabaabbbbb
bbbbbaabaaaababbbbabbbabbbabbabababbb
bbbbbaabbababbbaabaabbaaaaabaabbaaaa
bbbbbaabbaaaabbabaabaabbbab
bbbbbaabbaabaaaa
bbbbbabbbbabbbbbbaaabbabaabaaab
bbbbbabbbabbbaaaa
bbbbbabaaaabbabbbabababbbbbaaaab
bbbbbabababbaaaabbabaababbaababbbababba
bbbbbababababaaabaaaababbbbbaaaaaaaaaab
bbbbbababbbbababababbbaabaa
bbbbbababbaaaaaabaabbbababbaaabaabb
bbbbbababbaaaaaaabaaabbbababba
bbbbaabaaabbbbbbabbaa
bbbbaabaaaabbabababbbbabaabbbbbaaaabb
bbbbaabaaaaaaabbaabba
bbbbaabbbbaaababbbbbbbaabbbabb
bbbbaabbbabaababaaaaabaabbabbaaa
bbbbaabbbabbbbaaaabbabaaabab
bbbbaabbaaabbaabbaabbbaabbaaba
bbbbaabbababaaaaabaaab
bbbbaabbabaabbaaabaaababbbaababbaaa
bbbbaaaabbbababaabaabbaaabaabb
bbbbaaaaaaaaababbbbbbbabbbbbbabbbaa
bbbbaaabbbbbababbbababbaabbb
bbbbaaabbabaaabbaabbaaababbbabbaabbabbba
bbbbaaabbaaaabbaaababaaababbababba
bbbbaaababaabaababbabbaaabbbbaababbaab
bbbbaaabaaaabaaaabaaabbababbbbbaabbaabaa
bbbbabbbabaabbbbbbaaaaababbababaaaaba
bbbbabbbaabbbbbaabaaabbbabaaaaabbaab
bbbbabbbaabaaaabbababaabbbabbbabbb
bbbbabbbbbabb
bbbbabbbbbaababbbaabaaabbababababbbaa
bbbbabbbbbaabbababbabbbbabaa
bbbbabbaaa
bbbbabbaababbaaaaaaaabaaababbbabaaaaaabb
bbbbabbaabbabbabbababbbabbaaabbbbabaabaa
bbbbabbaabbaaabaabbbabbaaaaababaabbaba
bbbbabbabbbbbbbbbaaababbbbbaababab
bbbbabbabbaaabaa
bbbbabbabbaaabbabaabaabbabaabbbaabab
bbbbabababbbaaabbbaaaabaaaabbbbbbbbaabab
bbbbabababbbbbabbbaa
bbbbabababaabaaaabaa
bbbbababbabaababababaabaabababa
bbbbababbabababbaaabbaaabbbab
bbbbabaaababbbbaabbaabbbabbaaba
bbbbabaaaaaaaabbbaaaaabababbaaaabaaa
bbbbabaabbbbbabbbaaaaa
bbbbabaabbbbaaababbaabbaaaabababaababbba
bbbbabaabbbbababbbbaa
bbbbabaabbaabbabaaabbabb
abbaab
abbaaabaabaaaaaabbbaa
abbaaababbabbbbabababbabbbbaabaaaab
abbaaabbab
abbaaabbaabbbabbabababaabbbabaabbbbabab
abbaaabbaabababaabbbbaaabaabbbbbab
abbaaabbbaabba
abbaaaabaabaaaaaaababaaabbbbbaaa
abbaaaabbbbbbabbaabbabaaaab
abbaaaabbbbbaabbbaaabaaaaaabbabababab
abbaaaabbbababaaaaabaaabaabbbaabaaabb
abbaaaabbabaabbbbbabbb
abbaaaabbababbbbbbbbbabbaaaabbbbabb
abbaaaaaabbabbaaaaaabababbaabbaaababa
abbaaaaaaabbaaabaabbbaaaabbaaab
abbabaaaaabaabbbaabbabbaababbbabaaabaabb
abbabaabbbbaaaababbabababbbbbbbbbaaabab
abbabaabbabbabbaaaaabbaaaaabaaa
abbabaababbbbaabbbbbbbbbaaaabbab
abbababaababbabbbabbbaabbbbbbaaaa
abbababbaababbbabbababbaabbbbaabbbbbabbb
abbababbaabbbbbaabaaabbbbbbbaabbbaabbba
abbababbbaabaabaaaaabaabbbbbaabbbaaa
abbabbbbbabaaaabaaaabbbaababbabbaaab
abbabbbbbbbabbaabbabbbbabbabbaababb
abbabbbaaabbbbb
abbabbbaaaabaabbaaaababaabbabbababaaab
abbabbbaaaaaabbbaaababbbbabbabbaaaab
abbabbbabbbaaaabbbaabbbbbaaababbbbaabbbb
abbabbbabbbabababbbabbaabbbaaaaaababbbaa
abbabbabbbabaabbaabaaabbbbbbaa
abbabbabaaabaaabbbaabaabbbbbbbbabaab
abbabbababbbbabababbbabbabaabbbaabb
abbabbababbaabaaaabaabaaabbabbbbbaab
abbabbababaaababaaaabbbbbabbaabbaa
abbabbaaaabaabbbabbbaabba
abbabbaaaaabababaabbaaaabbbaabbbbb
abbabbaaaaababbaabbbbbaabaaba
abbabbaaabaabaaaabbaaab
abbabbaaabaaaaababbaabaaababbbabb
abbabbaababbbbbbbbbbbabaaabbaabbbabbbb
abbabbaababaaba
abbabbaabaaababbbab
abbabbaabaabbbbabbababbb
abbabbaabbbaabbbabbaabbaabbbabbaaaabbb
abbabbaabbbabbaaaabbaaaaaaabbabbabbaaaaa
abbabbaabbaaaabaaabbbababaaa
abbbbbaabbababbb
abbbbbaaaabbabbbbbabbbaabbbbbabbaabaabab
abbbbbaaaba
abbbbbabaaba
abbbbbabbabbababbbbbbaababbaaabbaaaaba
abbbbbabbbabbbbbaaabbaabbaabbabaabbabb
abbbbbbbaaababbaabaababaaaaaaaba
abbbbbbbbaaababbaaaaabbbb
abbbbbbbbbbbbababababa
abbbbbbbbbbbababbabaabbababababaabaaaba
abbbbbbbbbaabbbbaabbaabbabb
abbbbbbabbaaabbbbbbaababbbaab
abbbbbbabaabbbbabbabababaabaaaabbabbbaba
abbbbbbaaabbbbabbaabaaabababbabbbbabaa
abbbbbbaababbbaaaabbbbbbbaaaabbb
abbbbbbaabbbbaaabaabbbaaaaabba
abbbbabbaaa
abbbbabbababbabbbabababbaabba
abbbbabbbaabbbbbabbaaaaaaabbbbbbbbbab
abbbbabaabaabbababaaaaabababbaabb
abbbbabaaabbbabbaaababbabbabaaaabbaaabbb
abbbbabaaaaabbbaaaaabaa
abbbbabaaaaababbbaabaabaabbba
abbbbababababababbbbbababababaaabb
abbbbababbbaaabababbbbbbabbbbababbababab
abbbbaabbbabbbaaabababaabbbaabbba
abbbbaaabaaabbabababbaaaabbbaabababbaa
abbbbaaaabbabaaaabababbababbaabbaabb
abbbbaaaabaaaababbabbabaaabaabbbababba
abbbbaaaababbabbbaabba
abbbaaaabaa
abbbaaaababaabbaaaaaabbbaabbbbaaabbaaa
abbbaaab
abbbaababaab
abbbaabaabbaabbabbabaaabbabababbbaabab
abbbaabbabbabbbababaaaabaabb
abbbaabbabbbbaaababaaaabbababbababbbb
abbbababaaabbabaaaabba
abbbababaaabaa
abbbababaababababaaabbbbbbbbab
abbbabaaababbaaaaabbbabababaaabaabaaaba
abbbabaabbbbbbbbabbabababbbbabaababaaaa
abbbabaabbbabbababbaabbabbbaabababbbbbbb
abbbabbaabbbbabbaabbaaababbaabbbb
abbbabbaabbbbbbbbbababaaabbaabbaaaabb
abbbabbaaaaaabbaaaaaabbabbabbbabababb
abbbabbabbabbabaabaaabbaaaabbab
abbbabbabaaabaabaaabaaaabbaababbbb
abbbabbbbaabbbababaabbbaaabbababbbbb
abbbabbbbbabbabaabbabbbaaabbbbaabbbbabb
abbbabbbabbbaabaaaaabbaaaaaaaababaaaaab
abbbabbbaababababaabaabbabababbbaabababb
abbbabbbaabaaabbbabbbabbaaa
abaaaabbbababbaaababbaabaaaabaabaabbbb
abaaaabbbabbababaaa
abaaaabbbaabababaabbababaaaaaaabaaaaabab
abaaaabbbaaaabbabbbbabbbaaba
abaaaabbbaaaababbbaaaaababababa
abaaaabbabbbaaabbaabbbbaabbaaaa
abaaaabbabbabbbabababbaabbbabbaaaaaaaa
abaaaabaaaaaabbaaababbaaaaabababaa
abaaaababbbabaaaaaaa
abaaaababbaabbbaabaabaabbbbabbabbabbb
abaaaaaabbbaababbabbaaababbabbbabbabaab
abaaaaaababbbaabbaababbaabaabbab
abaaaaaaa
abaaaaababbaababbabbabaababbaa
abaaaaabababbbbbbbbbbb
abaaabaaabbbbaaaabababa
abaaabaabaaabbaababaabab
abaaabaabbabbbbaabbbbbbababbaaabbaab
abaaababaabbaababaaabaa
abaaabababaaaaababbbabaababaabaa
abaaababbaabbbbaababaabaabbbaaaaaaaaabb
abaaababbbaaabbbaabbaaabaaababaaaaabb
abaaabbabaabaabbbaabbb
abaaabbaaabbbbababbaaaaaba
abaaabbaabaaabaaabbabaaabba
abaaabbbaaababbabbaabbabbbaaaaabab
abaaabbbabaabbaaaaabbbabbabbbbaabb
abaaabbbbbaababbabaaabbbbabbbbb
abaaabbbbbaaaaabbaaaaabbabbabbaaabaa
abaabbaaaaabbaaaab
abaabbaabaabbaabbbabbbbbbabaab
abaabbabbbbbabbbaababaabbbbbababbaab
abaabbabbaabbabaaabbaaabab
abaabbabbaabaababbbababbbbbaaaaaba
abaabbabaaabaabbababbbbabbabbbaaabaabab
abaabbabaabbbbaabaaaababababababb
abaabbabaababbaabbaababbaabbbaababaaaaaa
abaabbabababbbaaaababbabab
abaabbababbaabbabaababbbbbabbaba
abaabbbbbbabbbababbbbbabbaabbb
abaabbbbbbbbaababaabbaabbbbaabbbaabbbb
abaabbbbbaaabababbabaa
abaabbbbbabbababababaaa
abaabbbaaabaaabbbbaaaabbbaaaa
abaabbbaaabaabbaaabaaabababbbbbaaaaabb
abaabbbabababbbababbbbabababab
abaabbbabbaba
abaabbbabbaabbbbaabaaaaaabaabb
abaababaaabbabbbaabaababaaabbbbbbaaaa
abaababababbabaabaabababbaabaaababa
abaababbbaaa
abaababbbbbbaaababbbbababbabb
abaababbbbaabbaaaabbbbabaaabbbbaabbaab
abaabaaaabaaaabbbabaabaaaaabbaaabbaa
abaabaabbabaaaaabbabbabaaab
abaabaabbaabbbbabaaaabbbabbb
abaabaabaabbbbbbbaabaabbaaababbabaaa
abaabaabaaaaaaaababaabbbbbbbbaabb
abababbbbababababbbababbbbbabbbaba
abababbbbababbbaabaaaabaab
abababbbbababbbbaabbabbbbbbaaabaaabaab
abababbbbaaaaabbaaabbaaababbabbabababa
abababbbbaaabaaababaabaaaaabbbbba
abababbbaabaaaaaaababaabbaaabaabb
abababbaabaabbbbaaabaaabbababbabbabbba
abababbaabbbaaaaabaabaabbbabbababbbaba
abababbaabbbabbbbaaaaabbabaabba
abababbabbbbababaabbbbbbaa
abababaabbbbbb
abababaaaaabababbbabbabbbaa
ababababaabaa
ababababaabbbb
ababababbbabaabababaaabbbab
ababababbababbab
ababababbabaabbbaaabbbaaaa
ababaababaabaaaaaaaabbbabaaaaaabbbaabbaa
ababaababbabaaabbaaabbabbaaaabaab
ababaababbabbbbaabaaaababa
ababaabaaababababbbabaaaa
ababaabaabbabbbbbbbbaab
ababaabbabbabaabbbbbbbbabbbaaababaabb
ababaabbaaaaabababbbbbbaabaababbbaab
ababaabbbababbaaaabbabbabaabaaabbb
ababaabbbbabaaaaababbbaaabbbbaaa
ababaabbbbbaabbaabaabbaaaababbaabbaabb
ababaaaaaababbabbbaabaaaababbabbaaaa
ababaaaabbaabbabaaabaaaaaaabaaaaaaaaaabb
ababaaaabbbaaaabbbabbabaaabbaaabaaaab
ababaaabbaabbaaaaabbbbabbbbaaa
ababaaabbbbbaaababbbabaabaaabaaaaba
ababaaabbbaaabbaaabaaaabbbbbabaa
ababaaabaababbbaaabbbbbbbabaab
ababaaabaababbabaababbabbbbbba
ababaaababbbbaaa
ababaaababbbbbaabbaaabbbbababbbbbbbbab
ababbaabbaabaaaabbabbababbbbbbabbab
ababbaaababaaaabbababbaabbbabbabaaabaab
ababbaaabaababaaabbba
ababbaaaaabbbaaabbbabababbaaaaabaababaa
ababbaaaaaababbbaaabababbabba
ababbabaabaaabbbababaababbabababbab
ababbababbabbbbaaaba
ababbababaaaabababaaaabbabb
ababbabababaababbaabaaabaaaaababa
ababbabbbbbababbaabababbbbabbbbaabbaba
ababbabbaabbbaabbbbbabbbaababbababbaaab
ababbabbabbbbbb
ababbbbaaaaaaaaaaaabababbbaabbbbaabaab
ababbbbaaaabbbabbabbbaaaababb
ababbbbabbbbbbababbbabababbabababb
ababbbbbaabaabaabababbbabbabbababb
ababbbbbabbbbabbbabbbaaa
ababbbbbabaab
ababbbbbbabbaabaaaaaaabaa
ababbbbbbaabbbaaabaaaaaaaa
ababbbaababababbaaaabbabbbbaaabbaabbba
ababbbaabbabaabaabbaabbaabaabbbbbaaaa
ababbbaaaaabababababbaaa
ababbbaaabaababbbabbbaabbaabbababbabbbab
ababbbabbabaaabbabaaaabbbaa
ababbbabbbaaabbaaabbaaaabbaabaa
ababbbabbbaaaabbbbababbbaaabbabbb
ababbbabaaaabbabaaababbababbabbabaaa
ababbbabaabaababbbabaaababbbbbabbbbbaab
ababbbababbbaabbbaaabbbaaabbbaaaabab
ababbbabababbbaaaaabaaabababaabaaa
ababbbababaabbaabaabbaaaaabbabaabbbbaaa
aabbabbbbaaaabaaababaababbbbaabababaa
aabbabbbaabbabbbaaaaababaaabbabb
aabbabbabbbbaaaaaabbaababbbbbaaaabbbba
aabbabbababbaabaaabbbabaa
aabbabbaaabbbabaababbbaba
aabbabbaababbababaaaaaaaaa
aabbabbaabbabababbaaabbbaabbabababb
aabbabaabbaaabbbabbaababbbabbabbbbbbabba
aabbabaabbabaaaababbabbbaaababaaa
aabbabaaabbbbbbbbabbbabbaabbbabaa
aabbabaaababababaaababaabbbbbbbababbaabb
aabbabababbaababaabbaaaabaaaababaaaab
aabbabababbabbaabbbabbbabbabababbbabaab
aabbabababbbababaabbbbbaaaabaa
aabbabababbbaaabaabaa
aabbaabaababaabaababbabbbbbaaaa
aabbaababbbababbbaabbabaabbbbaa
aabbaababbaaababababbaaab
aabbaababaaaaaabbbbabbbabbbbaababab
aabbaabbbaabbaaaaabaaabaaabbbbbabaab
aabbaabbbbabaaabbbbbbbb
aabbaabbbbbbbabbaabbbba
aabbaaaabbaaabbbbbbbaaaaaaaabbbabbabbbba
aabbaaaaaaaab
aabbaaaaaaabaaabbbababbbbbaaab
aabbaaabbbbabbbaabbbbbabaaabbbabbabbbaa
aabbaaabaaabbbbbaabaabbaaa
aabbaaabaaaabbaabbbaaaaaaaa
aabbaaababaaabbaaaaabaabbbabbaaabbbaaba
aabbbbaababbabbabbbaabaaabaabbbbbb
aabbbbaabaabbaabaaaaaa
aabbbbaaaabaabbbbbababbbabbaababa
aabbbbaaaabaababaaabababbbabaabaaaaaaabb
aabbbbabbabbabaaaaaabaaabbabbababbaab
aabbbbabbbbabbaabbaaababaaaabbbbbaab
aabbbbabaaabbabbabbbaabbabaaababaaaaa
aabbbbababbaaaabbabaaaabbabbabbbabaabaa
aabbbbbabbbabbabbbbbbbabbbabbbabbbba
aabbbbbabbabaabbaabababaaabbb
aabbbbbaababbabbbbaabaabaabbaabaabbaab
aabbbbbaabbbabbb
aabbbbbaaabbaabbaaaaabaababababaaaabba
aabbbbbbbb
aabbbbbbbabbbb
aabbbababaabbbbaaababaabbbbabbbbabba
aabbbabaabbababbabaaaabbbbba
aabbbabbababaabaaaaaaaabbabbbbbaaaaaabab
aabbbabbababbabbbbbababababbab
aabbbabbaaabbaababbababbabbaaba
aabbbabbaabaaabaaabbbbbababbba
aabbbabbbababbabbaabbbbbabaa
aabbbabbbabbbbabbbaaabbabbaaaaaaaa
aabbbabbbaaabaababaabaabaaabbbbababaabb
aabbbabbbaaabab
aabbbabbbbbaaaabbabaababbbbbaaaaaa
aabbbaab
aabbbaaababaaaabbbbbaba
aabbbaaabbabaabbbbaaaaaabaabbababbbb
aabbbaaabbbaabaabbbaaaaa
aabbbaaaabaabaaaabbabbaa
aabbbaaaaabaaaabaaaabbbbbabbbababbbbbb
aabbbaaaaabaabbbbaabbabaababbabba
aabaabbbbaabaaaaaabaabaab
aabaabbbbababaabbbbbaaaaaaababbbbaabaab
aabaababaaaababaaaaaabbaabaabbbabaa
aabaababaabababaababaaaabaaaaabbbbbaaa
aabaabaaaaababbbabaa
aabaaabbaaaabaaabbbaaababbbaabbababba
aabaaabbbbbbbaaabaaaabbabaaaa
aabaaabbbbbbbbabababaaaabbababbbbaabb
aabaaabbbbbaabbabbabbaabbbaabbbabababb
aabaaabaabbbbbababbaaabaababbaabbbb
aabaaababababbbabaabababbbaba
aabaaaabaababaaababababbb
aabaaaabbbabbabbbbbbabbbbabbbaaaabb
aabaaaaabababbabba
aabaaaaabaaabbabbbabaaa
aabaaaaabbbbbbbabaaabaaaabaaabbbabab
aabaaaaabbabbaabbbabbbbbabaaaa
aabaaaaaaabbbbaabaaabbbbbaaaabaaa
aabaaaaaaabbaababbaaaaaaaaabbbababbbaa
aababbaaaaaaabbbbaaabbbab
aababbaaabaaaaabaabaaabaaababbbaaaaa
aababbaabaaabbbbababaabaaaabbabbaaabb
aababbabbaaabaabaaaabbabbbaabaaababbaa
aababbabbabbaaaabaaabbbaabbbb
aababbabbbbaabaaaaabbbaaababbaabaaaaa
aababbabaababaabbbabaabaaababbabaaabbaaa
aababbabaabaaabbaaabbbbbbbaabaabbaba
aababbbabbababbabbabaaabaaaababbba
aababbbababaaabaaaabbaabaababbbaaabbbbbb
aababbbabaababaababbbaba
aababbbabaaababbaaaababbaabbbaabaa
aababbbabaaabaabbabbabbaabaaaaabbaab
aababbbaaabbaaabbababb
aababbbaababaaabbabaabaaabaabbbbbbb
aababbbbaaabbbaaabaabbaaabaabbaabaaabba
aababbbbaaabbbbbbbbbaabbaaabbaabbaa
aababbbbaababbaababbaaaaaabbbbaaa
aababbbbaabbbabbbabbababaabaabbbaabb
aababbbbbbbaabbababaaaaaabbbbabaaaaaaaaa
aababaabbabbbbbaaaabbbabaabbabbb
aababaababababbaaaaa
aababaababaaaaabba
aababaaaabbabbbaabbaab
aababaaaabbabbaababbaabbbbabaaabaabaaab
aababaaaabbbbbaaababaaaaabbaba
aabababb
aabababaabaaaabbaaaaabbbbbaabbbaabbb
aabababaabbabbbaaaabbaaaaabaabaaa
aababababababbbbaabbbaababbbbbbaaaabaab
aababababbaaabbbaabaaaaaaba
aababababbaabaabbbaaabaabaaaaaababbaaba
aababababbaabababaababbabbabaaabb
aaabbaaaabaaaaaabaabbbbbbbbbabaabbbba
aaabbaaaabbbbaabaaaabaaababaaabaababb
aaabbaaabbabbbabbaaabbaba
aaabbaabbbbbbabaababaabababbbababbabba
aaabbaabbababaaaaabababababbbbabaabaaa
aaabbaabaabbaaababbab
aaabbabbabababbabaaba
aaabbabbbaaaaabbaababbbbaaabaaabbaabb
aaabbabbbabaaabbbaaabaabbbaabbaaabaabaaa
aaabbababbabbabbbbaaabaaaaabbaaa
aaabbabaabbbabaabaabbaaabbabbbbababbbbaa
aaabbabaaaaababaabaababbabaaabbbabaaaaa
aaabbabaaaaaaaababbbbbbbaaaabbbaaaaaaaab
aaabbbbbbaaabaaaaaaaaaaabbbaabaabbaaabba
aaabbbbbbabaabaaabbbbbababbbaabbababbaa
aaabbbbbabaaabaaaaabbabbabbababaaaabbbbb
aaabbbbbaaabbbbba
aaabbbbbaaabaaaabaaaaabaabbabaaaaaaaaba
aaabbbbaabaa
aaabbbabababbbbabaabaababbabbaabaaaaabba
aaabbbababaabaabaaaabababaababbbbaa
aaabbbababbaaaaaabbaabaabbbababbbbaabba
aaabbbababbbabaaabbbbbaababaaab
aaabbbabbbbbaaaaaaababababaabbaabb
aaabbbabbbbbaabbabbbaabbbaaabab
aaabbbabbbbaababaabbbbaaab
aaabbbabbaabbaaaaaababbbbaaabbaabbbbbaa
aaabbbaababbbaabaabbbbaaababaabbaaaa
aaababbaaaaaaabaaaaaaaabbababbbbbba
aaababbaabbabbbbaaabbbbbaababaabbabbbabb
aaababbaabababaaabaaaaaaaabaaabaa
aaababbabaaabbabaababbbbbabbbabbaab
aaababbababaababaaaabbaabbb
aaababbbbabaabaabbaab
aaababbbabbbaaaababbbbbbbaaaabbbbbb
aaababbbaaababababaababbbabbaaabbabaab
aaababaabaabaaabbbaabaabaaaabbabab
aaababaababbabbbbbbaaa
aaabababbaabbaaaaaaababbbabaabbbabb
aaabababbabbaabaaabaaaabbbbabbab
aaabaabaaabbbbaabbabb
aaabaabababbbbaaabbabbbabbbbaaabbaaa
aaabaabbaabaaaabaaabbabbab
aaabaabbbaabaaaabaabaaaabbaabbabbbabb
aaabaabbbbaaaaabbabbbaaaabb
aaabaaabbaabbbabbbbbbaaaaaaaabaaabaaa
aaabaaabbbaababbbbbbaabbaabbbaabbabbab
aaabaaabbbbabaaabaaaabbaaa
aaabaaaaaaabbbbabbbbbbaabba
aaabaaaaaaabbaaaaaabb
aaabaaaaabbbaa
aaabaaaabb
aaabaaaababbaaababbaaaabbbbaaaabbaabb
aaabaaaabaabbbbbbababaaabaabbabababbb
aaabaaaabaabbabababbbbbabbbabbbbaaabbaa
aaaabaaaabbabbbaaabbaabaabbbaaabbabbab
aaaabaabbbbaaabaabbabbbbbabbbaaba
aaaababbbbabaaaabaaabaababaaaaaababaabbb
aaaababaabaabbbbbababb
aaaababaabbbbbaaababbabab
aaaababaabbbaaaaabbbbabbaaaa
aaaabbabaaaaaaababbbbaaababab
aaaabbabbabbaabababbabbbbbbaaaab
aaaabbabbbbbbbbaabab
aaaabbaaaabbabbaabbbbbabbaaaababaaabbaaa
aaaabbaabbaab
aaaabbaabbbabbbababbaaaaaabbb
aaaabbbababababbbaaaabbaabaabaabbabaaba
aaaabbbabbabbaaaaab
aaaabbbabbbaabaabbbaaabaaabbbbbababaaa
aaaabbbbbabbaaabbababaaaabaaabbbbabba
aaaabbbbaabbaabbbbbbbbbbbabaaabbbabbaa
aaaabbbbaabbbabbbbababbbabaababaababbaba
aaaabbbbabbbbab
aaaabbbbababaaabbabbaabababbaabbaaaababa
aaaabbbbababaabbbbbabaaabbaaaabbbabb
aaaaabaabaabbabbbbbabaabbbbb
aaaaabaaaaaabbaabbbaababaaaaaabbabbab
aaaaababbabbabbbbaa
aaaaababbabbabbbbabaabaabbbaaababb
aaaaabbaaaaaaaaabbbbabaaaaabbbab
aaaaabbabaabbbaabbaabababbbaaaabbaaa
aaaaabbbababbababbbbbbb
aaaaabbbabaabaaabbbabaabbbbbbbbb
aaaaabbbaaababaaaababbababbaaaabbaab
aaaaabbbbbbabbababa
aaaaaabaaaaababbbabbabbbabaababaab
aaaaaabaabaabbaabbabaaaababbabaab
aaaaaabababbbaaaaabaabbaaaaaaaabaaabbaba
aaaaaababababbabbaaaabbaabbbabbbaba
aaaaaabababababababb
aaaaaabbbbabbaaaaaabaabbabaabaaaaabaaa
aaaaaabbbbaabaaaaaaabaaaaaababaabaaaaba
aaaaaaaababbaabababbbabbabaabb
aaaaaaaabbaabaabbabbabaaabbbaaababbaabbb
aaaaaaaabbbaababbabaabbbbabaabbbbaab
aaaaaaaabbbabbaabababbbbbbbaabaa
aaaaaaaaabbaabbabbbbabaaababaa
aaaaaaaaaabbaaabbaabbbbaaaa
aaaaaaabababaaaabaaabababbaabbaabbb
aaaaaaabaabbbaababaaabbaaa
aaaaaaabaababbabaaaaaababbbbaaaaabaababb
aaaaaaabbbbaabaabbbbababaababbaaaabbbb
aaaaaaabbbbbbaabaabbaababbbaabbbabaabbba
aaaaaaabbbabbbbba
aaaaaaabbbabaaabaabbabaabaaaaaabaab
