1047424513272
457
b
aaab
aaaabababababababbbaaaabababbaaababa
aaaababababaababbbaababbab
aaaababababbbabbbaababbabaaaabbabaaaa
aaaabababaabaaabbaaababbbbbaababbababa
aaaabababaaaabaaabbbbb
aaaabababaaabaabbbb
aaaabababbabbababbaaabbabbaaaaabaab
aaaabababbaababbaaabbabbba
aaaabababbbbbaaaabbabbababbaaaab
aaaabababbbbababbaabbaabbbabbaaababaaaaa
aaaabababbbbababbbababbaab
aaaabababbbbabaababaaabbbbabaaba
aaaabababbbaabbbbababbabababbaaa
aaaabababbbabab
aaaababaabbbbabaabbaaaabbabbaaaaabbbbbab
aaaababaabbbaaababaaabbaaababbbabaa
aaaababaabbbabbaaababbbbbbaabbababaaaa
aaaababaabbabaaabbbbabbb
aaaababaabbaaabbaaaaaaaaaaaaabaaaabaabb
aaaababaabbaabb
aaaababaabaaaabaabaababbbaaaa
aaaababaababaabaaaabaaaabaaaabbbbbbabaa
aaaababaaabaabbbabbaabbbbaa
aaaababaaabaaaaabaaaabbba
aaaababaaababbbaaa
aaaababaaababaaaabbbbbbbbaaaaaabaabbab
aaaababaaabababbaaabbabbbbab
aaaababaaabbbbaaaabbbaaabbbbbaababa
aaaababaaabbababbabbabbababaabbbbb
aaaababaaabbaababaabbbabbbabbabbabb
aaaababaaaabaaabbaaaabbaa
aaaababaaaaaabbaabbbaba
aaaababb
aaaabaabbaaabbbaaabbabbaaabbbbbaaaabbaa
aaaabaabbaaaaab
aaaabaabbabbbaababbbaabaaa
aaaabaabbabbbbbbbaabbba
aaaabaabbabbabbabbaabbbaba
aaaabaabbababaaabbbbababaaabbbbbabaaab
aaaabaabbababbbabababaabaaaaab
aaaabaabbabaaa
aaaabaabbbabbabbbbbaababbbabbaababb
aaaabaabbbaaaabbabbaaabbaaabbbbabaa
aaaabaabbbaabbabbaababbba
aaaabaabbbbaababbababbbabbabbaabbbaaa
aaaabaabbbbbbaabbabaaaaabababbabbaabbbba
aaaabaabbbbbaababbabbabaaaaab
aaaabaabbbbbaabaabbbaaababbbbbaaabbaaa
aaaabaabbbbbaabbaaaabbaaaaaaaa
aaaabaabbbbbababbbabbaababaabaabbb
aaaabaabbbbbabaababbbaaaaaabaabaa
aaaabaababbabbbaababbababa
aaaabaababbaababbaaababaaa
aaaabaababbbbbbbaaabaabababbbaabbbba
aaaabaababbbbbaabbbbbbbbabbbbbaa
aaaabaababbbbaabaabaaabbbabaaabaaaaabba
aaaabaababbbbabbaabbbbaaabaabbabb
aaaabaabababbababbaaaaaaaaabbaabab
aaaabaababababbabbbbaabaaabababababa
aaaabaabababaaaabbababaabbaab
aaaabaababaabbbabbabbbabbbabababaa
aaaabaababaababbbbaaaabbaabab
aaaabaababaababaabaaaabbbbbbaba
aaaabaabaaabbaabaaabbbaaba
aaaabaabaaabbbbabababbaaabaabbbab
aaaabaabaaabaabababbbababaaabbbbbbbbaaa
aaaabaabaaababbaabbbbabaabbabaabbabbabab
aaaabaabaaaaaaaabbaaabbba
aaaabaabaaaabbbaaaaabbabbabaaa
aaaabaabaaaabbbabbaaababbaabbb
aaaabaabaaaabbbbaabbbbabbabbb
aaaabaabaabbaabbabbbbbbabbbabbbaaababbb
aaaabaabaabbbbbbabbbaaba
aaaabaabaabbbabaabaabbabbaabbbaabb
aaaabaabaababbababaabbbbabbbbbbababaab
aaaabaabaabaabaabbbaaabbbbbbbabbaaa
aaaabaaabaaaabbababa
aaaabaaabaaabbbaabbbbbbbbabaaababaaaba
aaaabaaabaaabbaabbba
aaaabaaabaabbaaaabaabbaaabbbaaaaaabbaba
aaaabaaababbabababaabab
aaaabaaababbabbabbba
aaaabaaababbaaabaab
aaaabaaabbabbbabaaabbbaababaabababab
aaaabaaabbbbbbbbbbbbbbbbabbaabb
aaaabaaabbbbaaaaabbaaaabaababbaababbab
aaaabaaabbbbabaabbbbabbababbbbba
aaaabaaabbbabab
aaaabaaabbbabbbbabbababbaaaabbaaa
aaaabaaabbbaabaabbbbbbbbabbbabbabbaba
aaaabaaaaaaaabababbbabbaaaabbabbaa
aaaabaaaaaababbbbbabaa
aaaabaaaaaababbabaabaaba
aaaabaaaaababbbabbbbabaabbbaaaaaabbbb
aaaabaaaaabbbaaaabbbbaab
aaaabaaaaabbabaaabbabbbaababababaaabbab
aaaabaaaaabbabaaaabbaaaabbbaaabba
aaaabaaaabbabbbabbbbaabbabaaa
aaaabaaaabbabbaabbbaabbbabaababbabbbba
aaaabaaaabbbbabaabbbaabbbaaaaabaabaaba
aaaabaaaabbbbbaabbbaabaaabbaa
aaaabaaaabaaabbababbbbbaabbaabaa
aaaabaaaabababbbbabbbabbaaa
aaaabaaaabababaabaabb
aaaabbaababbbbaaaabaaba
aaaabbaababbabaaaabbbbbbbabababaaabb
aaaabbaababbaababaa
aaaabbaabababbaabbbaaabaa
aaaabbaababababbaababbabbababbbbbabaaba
aaaabbaabaabbbaaaaba
aaaabbaabaabbabbaaababbabaaaaaa
aaaabbaabbbbaabaaaabaaabbbbbbbaaaaa
aaaabbaabbbbbaaaaabbaaababbababbbabbaa
aaaabbaabbbaaaabbababba
aaaabbaabbbaabaabaaaaabbbbaabbaaa
aaaabbaabbbaabbbaaabbbbbbaabbb
aaaabbaabbbabbb
aaaabbaabbbababbbb
aaaabbaabbaabbabbbaabaaaabbabab
aaaabbaabbaabbabbbbbbbbbaaaaaabaaabbaa
aaaabbaabbabababbaababbbbbaabbbaaaaaabaa
aaaabbaabbababababbbabababbaaaabaa
aaaabbaabbabbbbbbababbbababbaaa
aaaabbaabbabbaabbbbabaabbaabbaaaabaa
aaaabbaaababbbabaaaaabbbbbabaaa
aaaabbaaababbababbbbbabbaabaabbb
aaaabbaaabaaabababbaababbbababbaaababaa
aaaabbaaabaaabbaaaa
aaaabbaaabaaaaaaababbabbaabababbb
aaaabbaaabbbbabb
aaaabbaaabbbbaaaaaabbbaaaabaaab
aaaabbaaabbababaabbbaaaabbababaaaababaab
aaaabbaaabbabaababaab
aaaabbaaabbabbbbaababababbabaaaa
aaaabbaaabbabbaaa
aaaabbaaaaabbbbbbaaaaabaaaabaaabaabaaba
aaaabbaaaaabaaabbababaabaaabbaabaa
aaaabbaaaaaabaaab
aaaabbaaaaaabbabbabbbabab
aaaabbaaaabbabbaabbbbbabbaaaababaa
aaaabbaaaabbbaabaaaaabababaaaab
aaaabbaaaabababbbbbababaabbababaababaaab
aaaabbababaabbabbaaaaababbbaabbaab
aaaabbababbababbbabbbaabbbababbb
aaaabbababbababbbaabbbaaa
aaaabbababbaabbaaaabaaabbabbaaabaabba
aaaabbababbbbbbbbbabbaaaabbbba
aaaabbababbbaaabababbbbbbbbba
aaaabbababbbababbbaab
aaaabbabaababababbbbbbbbbbaaabbabbbaabbb
aaaabbabaababaabbbbaabbabbbaabbaabaabaaa
aaaabbabaabaaababbbabbbbaabbaabbabbbaab
aaaabbabaabaaabbbbabaababaabbbaababb
aaaabbabaabaaaaaabbbaabaaaaaaaaaabbaab
aaaabbabaabaabaaaababbb
aaaabbabaabaababbbaabbbbaaabbbbbbbabaa
aaaabbabaabaababbab
aaaabbabaabbbaababbaabbaabaabbbaab
aaaabbabaabbaabbaaaabbabbaabaabaabaa
aaaabbabaaabba
aaaabbabaaabbbbabbbbbaabababbabbbaaabaa
aaaabbabaaabaaabaababababbbabaaabbbaab
aaaabbabaaaabbabbbaaaabaaabbababaabaaa
aaaabbabaaaaabbbaaababbababbabaa
aaaabbabaaaaaaabbbabaaba
aaaabbabbbabaabbaabbaabbb
aaaabbabbbabababbbbbaaaabaaaaabaaaabb
aaaabbabbbaaabaaaaaaaaababbbaababa
aaaabbabbbaaabbbbbbaaaaabbbaaabbbbbb
aaaabbabbbaaabbaabbbbaabbaaa
aaaabbabbbaababaaaabbaabbbabaabaa
aaaabbabbbaababbbbbbbabbbabbababbbaaa
aaaabbabbbaabaabbaabaaaaaaababab
aaaabbabbbaabaabbbbaabbaabbbbabaababab
aaaabbabbbbbaaabaababaabbbbbbababaaaaaaa
aaaabbabbbbbaabaabaaabababbbaaababbbabba
aaaabbabbbbbbaabbbbababbaabbbaa
aaaabbabbbbaaab
aaaabbabbaaaaaab
aaaabbabbaaaabbaaaabbbababaabbaabbababab
aaaabbabbaabaabbababaaabbbbabbaaaabbaaba
aaaabbabbaabbaabaabaabbbbaaabaabbbbbaaa
aaaabbabbabbaabbbbbaaaababababaaabbab
aaaabbabbabbb
aaaabbbbabaababaababbbbaabaaabb
aaaabbbbabaaaaabbbabbbbbbaaaabbaabb
aaaabbbbabababababb
aaaabbbbababbaaaababab
aaaabbbbababbbaaaaabbbaabbbbbb
aaaabbbbababbbabaababbbbbaba
aaaabbbbababbbbbababbbaababbbbbbaaaba
aaaabbbbabbaaabbababbaaababbaababababb
aaaabbbbabbabbbbbabbbbababbabbabbbbaaaa
aaaabbbbabbbabbaabab
aaaabbbbabbbaababbbabbabbaaaaabbabababab
aaaabbbbabbbaabbaabaaababbabaaabbbabba
aaaabbbbaabbaabb
aaaabbbbaabbababbbaabababaabaabbbabba
aaaabbbbaabbbabbabbabaabbabababbababab
aaaabbbbaaabbbbabaabbababaaabbaababbaa
aaaabbbbaaaaaabbbbbbaabaaabbbbbaabb
aaaabbbbaaaabababbbaaababbbbba
aaaabbbbbbababbbbbab
aaaabbbbbbabbabbbababaabbabaaab
aaaabbbbbbabbaaaabbba
aaaabbbbbbaabbbbbabbbbaabbbbaaab
aaaabbbbbbaaab
aaaabbbbbbbbabbaabaaabbbbbbaaabaaabbba
aaaabbbbbbbbbbbbbababaabaabaabbbbabaaab
aaaabbbbbbbbbbaaaaaabbababbabbbaaabb
aaaabbbbbbbaabbbbbbaaaaaababaaa
aaaabbbbbababbbbbbbbbbb
aaaabbbbbabbbabbabbaaaaabab
aaaabbbbbabbabbababbbabaaaabbabbb
aaaabbbbbabbaababaabbaabaaabaaabaaaaabb
aaaabbbbbabbaaaaababaabaaaaabaaaabbababa
aaaabbbbbaabbbabaababaaaaabaabb
aaaabbbbbaabababaaabbbaaaababbbbaabaabab
aaaabbbbbaabaabaabaa
aaaabbbbbaaababbabbbababba
aaaabbbbbaaabaaabbaabbbbbbbabaaabbaaa
aaaabbbbbaaaaabbaaababaabbbab
aaaabbbbbaaaaabbabababbabbbbaaaaaabaabaa
aaaabbbbbaaaabbbbababaaabbaabbbbaaab
aaaabbbbbaaaababbbbaabaaaabbbabbab
aaaabbbaababababababbaa
aaaabbbaabaabbababababaaabbabaaabaaaaaaa
aaaabbbaabbbabbaaabbbaaaaaaaabbaa
aaaabbbaabbbbaabbabbbbaaabaaaaaabb
aaaabbbaabbabaaaabaaabaabab
aaaabbbaabbaaabababaabaaaaabbaabab
aaaabbbaaaaababaaababaabbaaabbbaaab
aaaabbbaaaaaaaabbaabbbabbbabab
aaaabbbaaaababbbaaaaababababaaababa
aaaabbbaaaabababaabbbabaaabaabaaaa
aaaabbbaaaabbbbbaaaaaababbbabaababbba
aaaabbbaaaabbaaaaaabbbaaba
aaaabbbaaab
aaaabbbabbabbbbbabaabaabaabababbbba
aaaabbbabbaabaabbabbabbbbbbbaaababbbaaaa
aaaabbbabbaabaaaababaabbabaaaaaaaaaab
aaaabbbabbbaaababbaaababababbbabaabaaaab
aaaabbbabbbaaabbbbbaabababbaabbbabbaabb
aaaabbbabbbbababbaaabaaaabaa
aaaabbbabbbbaabaabbbbbbabbbbabababbabbaa
aaaabbbabbbbbbaaaabbaabbabbabbbaaaabbab
aaaabbbabbbbbaaba
aaaabbbabbbbbabaaabbbbbbbbbbabbbababba
aaaabbbabaaaabbaaaab
aaaabbbabaaabab
aaaabbbabaabbabbbbabbabbaabbbbaaaab
aaaabbbabaababababaabbbaaababba
aaaabbbababbab
aaaabbbabababaabbabababbabaabaababbbaab
aaaabbbabababbaabaababbbab
aaaabbbabababbaaaabaabbbbabbababaab
aaaabbbababaaababbbbaab
aaaabbbababaabbaaabbabbbbbbb
aaaabbbababaabaabbaaab
aaaaabbaaaaabbbbaababbbabaababaaabb
aaaaabbaaaaabbbbbbbaabbaababbaab
aaaaabbaaaabbbabbaaabbbbbaabaaba
aaaaabbaaaabaabbaabbbaaaaabaabbbbbaabaa
aaaaabbaaaabababbbaaaaaab
aaaaabbaaaababbabaabababaaabbbababb
aaaaabbaaabaaabbaaaabbbaaaaaabbabbaaaaab
aaaaabbaaabaaabbabbbaaaaaaaabbaaba
aaaaabbaaabaaababaababababbaabbabba
aaaaabbaaababbbabbbabbbbabaabaaaaa
aaaaabbaaabababbabbaaaaababaaabaaaaaaa
aaaaabbaabaa
aaaaabbaabbbaabaaabbaabbbaaaabbbbaaab
aaaaabbaabbbaabbabbaabaaaababbbbbaa
aaaaabbaabbbbaabaaaaabbabbbaabba
aaaaabbaabbabbaaabaabaaabaabaaaabb
aaaaabbaabbaababbbbbbabaababbaaabbaaab
aaaaabbaabbaaabbaaabababbabaabbaabbbbabb
aaaaabbaabbaaaabaaabaabaaabbbaabba
aaaaabbaabbaaaabaabbbbabbbbbaababbbaabb
aaaaabbabaaabaaaabaaababaaaaa
aaaaabbabaaaabbaab
aaaaabbabaaaaabbaabaab
aaaaabbabaaaaaabbbbbabbbbabbabaaba
aaaaabbabaabaa
aaaaabbabaabbbababbaababbba
aaaaabbabaabbababbabbbabab
aaaaabbababbaaabaaababbbbbbaaabbbbabbbab
aaaaabbababaaaabaababaababba
aaaaabbabbbbaababbababbababbbaababbba
aaaaabbabbbbabbbabababaaababaabba
aaaaabbabbbaaabb
aaaaabbabbbababaabbaabaabaabba
aaaaabbabbbabbbbbabbabaababaaaababbb
aaaaabbabbabaabaabb
aaaaabbabbabaabbabbbbbabbbaababaabbb
aaaaabbabbabaaaabbabbbaababbababbbaa
aaaaabbabbabaaabbabaabbbaaaabbaaababbab
aaaaabbbbaaabaababaababaaaaabbabaabaaab
aaaaabbbbaaabab
aaaaabbbbaaabbb
aaaaabbbbabbabbbbbababaab
aaaaabbbbabbbbaabababbbbbbbbabbbbbbbab
aaaaabbbbbbbbababbaaaababbaabbabbbbaaab
aaaaabbbbbbbbaaababbbbbbabbbbbabbbbb
aaaaabbbbbbbbbbbaaabbaabaabbbbbbabbaaab
aaaaabbbbbababbbaaa
aaaaabbbbbabbbabbbaaaabbabbb
aaaaabbbbbaababbaabbababab
aaaaabbbababbbbaaaaabbaaabaabbbbbabbbabb
aaaaabbbabaababababaabbbaaababbabbb
aaaaabbbabaabbababbabaabbbbabbbbaaaaabab
aaaaabbbabaaaaaaaaabababbbaaaababaaa
aaaaabbbabaaaaaaabbabaaabbabaabbaabbb
aaaaabbbabaaaabbaaaabaaaabaabbbba
aaaaabbbabbbbaaabbab
aaaaabbbabbbaababbbababbab
aaaaabbbaaabababbbababababaaaaba
aaaaabbbaaaabbbbaabbbbbbbbbabbaaabb
aaaaabbbaaaabbbaabbaaabaabababababaab
aaaaabbbaaaaababa
aaaaabbbaaaaaaabababaababbbbaaababbaba
aaaaabbbaab
aaaaababbabb
aaaaababbabaaaaababbbabaabaabaababaaaaab
aaaaababbababbbaabaaababaabaaaabbbbabb
aaaaababbaabbbbbbbaaabbababbbbaaaaabbaa
aaaaababbaabababaaa
aaaaababbaaab
aaaaababbaaaaabbbbabba
aaaaababbaaaaabbaababbbaaaababaabbbbabab
aaaaababbbaabababbabaabbbbaaabbbbaabbbb
aaaaababbbaaaabbaaaabbaabbbbbaabbbabaab
aaaaababbbbaabaabab
aaaaababbbbabbbabaaabbabaabbaaaba
aaaaababbbbababaaaaabbabbabb
aaaaababbbbbbbbaaabaababaaaaaabb
aaaaababaabbbaaaabaab
aaaaababaabbabbabbaaaaaababbbabaab
aaaaababaabaaaaababaaabbbbabaaaaba
aaaaababaabababbbabaa
aaaaababaaabbbaabbbaababbbbababbbbaaab
aaaaababaaabaaabbbabbbbababaaa
aaaaababaaababbbaaabaaaaaaabbabbaaaaaa
aaaaabababbaabbababbaabbbbabbaabaabbbba
aaaaabababaaababaabbbaabbaabbbbaaa
aaaaabababaaabaabaaabb
aaaaababababbbabbaaaaaaaabbbbbabaa
aaaaababababbbaaababbaabbbbaababababb
aaaaabaaaaabbbbabaaabbbbbaabaa
aaaaabaaaaababbbbabaabbbaaaa
aaaaabaaaaaaabaabbabbabbbbbbabbaaabbbba
aaaaabaaaaaabbbaababbaababaab
aaaaabaaaaaabaaabbaba
aaaaabaaaababbbbbbababbbaaaaabaabb
aaaaabaaaababaabbaababbababbbbb
aaaaabaaaabbbaaabaaaaaaaababaabaabbbbab
aaaaabaaaabbab
aaaaabaaabbaaaabaaaaaabaabbbbbbb
aaaaabaaabbbabbbbabbababba
aaaaabaaaba
aaaaabaab
aaaaaabbbaabbaaaabababababbabbabaaaaaaaa
aaaaaabbbababbbbaaabbabababbaab
aaaaaabbbabaabbbababbbabbbababbabbbaba
aaaaaabbbabbbabbababbaaabbbaaabababbaa
aaaaaabbbabbbaaabbbbaababbaaaa
aaaaaabbbabbabaaabbabbaababbbbbbaabaab
aaaaaabbbbbbbabbaabbabaaaabba
aaaaaabbbbbbbabaaabaaab
aaaaaabbbbaababaaababbaaaabaababbbaba
aaaaaabbbbaabababbabbaababbb
aaaaaabbbbaabaaaabbabababbbbabaabbbbbaaa
aaaaaabbbbabaa
aaaaaabbbbababaaabbbbabaaaaabababaaaab
aaaaaabbbbabbbaabbaaabba
aaaaaabbbbabbbabbbbaabababbaabbbaaaaa
aaaaaabbbbabbaabaabbababa
aaaaaabbabaaabbabbaaaaaaaabbbabbbbabbbb
aaaaaabbabaaabbabaabb
aaaaaabbabaabaabbbaaabbbbbbaababaa
aaaaaabbabbababaaababa
aaaaaabbabbabbaaaaababaabababaabababbab
aaaaaabbabbaabbbbbbbabaabbabbaabbb
aaaaaabbabbaababbaabbbaaabbbabbaaaab
aaaaaabbabbaababaabaaaababaaaaabbaaba
aaaaaabbabbbbabb
aaaaaabbabbbaaabbbaaabbbbabbaababbababab
aaaaaabbaaaabbbaababbbabab
aaaaaabbaaaabaaaabaabababa
aaaaaabbaaaababbabaab
aaaaaabbaaabaaababaabbaaabbbbbbbaabbaba
aaaaaabbaaabababaaaaaab
aaaaaabbaaabbaaabbaabbabaaaabba
aaaaaabbaabababbbbbbaaaab
aaaaaabbaabaaa
aaaaaabbaabbbbbbabbbbaaabaaaabbab
aaaaaabbaabbababaaaaabaaabbbbbaababbaba
aaaaaabbaabbaaaaaaaabbbbbaaabbaaaaab
aaaaaaba
aaaaaaabaabbbbababbaabbbaabbbbbb
aaaaaaabaababaaabbabbabbbabaabbbbabbaa
aaaaaaabaaabaaaabababbabbb
aaaaaaabaaababaabbbbbbbabbbbaaabababbabb
aaaaaaabaaabbabbaabaababaaaabb
aaaaaaabaaabbabababaaabbabbbb
aaaaaaabaaabbbaabbbaaaaabb
aaaaaaabaaabbbaabaaabbababbbbbababaabaaa
aaaaaaababbbaabbababaaabbba
aaaaaaababbabbaabbba
aaaaaaababbabbbbaabababbabbababbbbbabba
aaaaaaababbabaaaaababbabbbb
aaaaaaababbaaaababbaaaaabab
aaaaaaababbaababbababababaaaaaabbabbab
aaaaaaababbaabbabaabba
aaaaaaababaabababbbabbbbbbbabbbab
aaaaaaababab
aaaaaaabb
aaaaaaaabbababbbaabbbbaababbababaabbbb
aaaaaaaabbabbbabaabbaabbaabbbbbaaaababb
aaaaaaaabbaaabbbbbbbbaabbbbbabaabbbbba
aaaaaaaabbbbbbbaabbaaaaa
aaaaaaaabbbaaabbbabbaababbabaaaaba
aaaaaaaabbbabbabaabaaaabaabbaaaa
aaaaaaaabbbababb
aaaaaaaabbbabaaaaabbbabbbbbbbaaaababbaa
aaaaaaaababbbabbabababaabbabbaaababaabaa
aaaaaaaababbaababbbaabbbaaaabb
aaaaaaaabababbbabaaab
aaaaaaaababaabbbbbbbbaabbbbbabb
aaaaaaaabaaaaabaabaababbba
aaaaaaaabaaabaaaaabbaababbbbabbabbabbb
aaaaaaaabaabaababababaabbbaabaaabbaaab
aaaaaaaabaabbbbabbbabaaaaaaabb
aaaaaaaabaabbbbbbabaaa
aaaaaaaabaabbbbbbaabbabaaabbbbbabbb
aaaaaaaaababaababbaabababababbabbbaba
aaaaaaaaababbabaaabbaaabbbaaaaaaaaababb
aaaaaaaaababbaabaabaabbaabbabbaabaaaaab
aaaaaaaaabaabbaabbaabbbbbaaaab
aaaaaaaaabaaabbaaaaabbbaaaaaaaabb
aaaaaaaaabaaabbaabaa
aaaaaaaaabbbaabaabbab
aaaaaaaaabbbbaabbabaaabbbbaaabbabaaab
aaaaaaaaabbaaaabaaaabab
aaaaaaaaabbaababaabbabaaababbbaabbbaa
aaaaaaaaaaabaabbaaaabbbaa
aaaaaaaaaaabbbaabbabbaaaaaabaab
aaaaaaaaaaaaaaaaaabbabaababbbbabbabaab
aaaaaaaaaaaabbaabbbabaabb
aaaaaaaaaabaaababbbaaabbbaaaa
aaaaaaaaaabaababbbaaaaaabaab
aaaaaaaaaabbabbbbabaaaaabbbbbbb
aaaaaaaaaabbaba
aab
ab
