108
26
bbbbbbbbbbbbbbbbbbbbbbbbbbbbbbbbbaaaabb
bbbbbbbbbbbbbbbbbbbbbbbbbbbbbbbbbaaabab
bbbbbbbbbbbbbbbbbbbbbbbbbbbbbbbbbaaabbab
bbbbbbbbbbbbbbbbbbbbbbbbbbbbbbbbbaaabbb
bbbbbbbbbbbbbbbbbbbbbbbbbbbbbbbbbaabaaab
bbbbbbbbbbbbbbbbbbbbbbbbbbbbbbbbbaabaabb
bbbbbbbbbbbbbbbbbbbbbbbbbbbbbbbbbaabab
bbbbbbbbbbbbbbbbbbbbbbbbbbbbbbbbbaabb
bbbbbbbbbbbbbbbbbbbbbbbbbbbbbbbbbabaaab
bbbbbbbbbbbbbbbbbbbbbbbbbbbbbbbbbabaabab
bbbbbbbbbbbbbbbbbbbbbbbbbbbbbbbbbabaabb
bbbbbbbbbbbbbbbbbbbbbbbbbbbbbbbbbabab
bbbbbbbbbbbbbbbbbbbbbbbbbbbbbbbbbabbaaab
bbbbbbbbbbbbbbbbbbbbbbbbbbbbbbbbbabbaab
bbbbbbbbbbbbbbbbbbbbbbbbbbbbbbbbbabbab
bbbbbbbbbbbbbbbbbbbbbbbbbbbbbbbbbabbb
bbbbbbbbbbbbbbbbbbbbbbbbbbbbbbbbbbaaaabb
bbbbbbbbbbbbbbbbbbbbbbbbbbbbbbbbbbaaabab
bbbbbbbbbbbbbbbbbbbbbbbbbbbbbbbbbbaaabb
bbbbbbbbbbbbbbbbbbbbbbbbbbbbbbbbbbaab
bbbbbbbbbbbbbbbbbbbbbbbbbbbbbbbbbbab
bbbbbbbbbbbbbbbbbbbbbbbbbbbbbbbbbbbaaaab
bbbbbbbbbbbbbbbbbbbbbbbbbbbbbbbbbbbaaab
bbbbbbbbbbbbbbbbbbbbbbbbbbbbbbbbbbbaab
bbbbbbbbbbbbbbbbbbbbbbbbbbbbbbbbbbbab
bbbbbbbbbbbbbbbbbbbbbbbbbbbbbbbbbbbb
