515
280
bbbbbbbbbbbbbbbbbbbbbbbbbbbbbbabcbcccccc
bbbbbbbbbbbbbbbbbbbbbbbbbbbbbbabccccaccc
bbbbbbbbbbbbbbbbbbbbbbbbbbbbbbabcccccccc
bbbbbbbbbbbbbbbbbbbbbbbbbbbbbbacbbcccccc
bbbbbbbbbbbbbbbbbbbbbbbbbbbbbbacbbccccbc
bbbbbbbbbbbbbbbbbbbbbbbbbbbbbbacbcbccccc
bbbbbbbbbbbbbbbbbbbbbbbbbbbbbbacbcccbccc
bbbbbbbbbbbbbbbbbbbbbbbbbbbbbbacbcccccbc
bbbbbbbbbbbbbbbbbbbbbbbbbbbbbbacbccccccc
bbbbbbbbbbbbbbbbbbbbbbbbbbbbbbaccbccccc
bbbbbbbbbbbbbbbbbbbbbbbbbbbbbbacccbbccc
bbbbbbbbbbbbbbbbbbbbbbbbbbbbbbacccbcccbc
bbbbbbbbbbbbbbbbbbbbbbbbbbbbbbacccbccccc
bbbbbbbbbbbbbbbbbbbbbbbbbbbbbbaccccbbccc
bbbbbbbbbbbbbbbbbbbbbbbbbbbbbbaccccbcbcc
bbbbbbbbbbbbbbbbbbbbbbbbbbbbbbaccccbccc
bbbbbbbbbbbbbbbbbbbbbbbbbbbbbbacccccbccc
bbbbbbbbbbbbbbbbbbbbbbbbbbbbbbacccccbcbc
bbbbbbbbbbbbbbbbbbbbbbbbbbbbbbaccccccbbc
bbbbbbbbbbbbbbbbbbbbbbbbbbbbbbaccccccbcc
bbbbbbbbbbbbbbbbbbbbbbbbbbbbbbacccccccbc
bbbbbbbbbbbbbbbbbbbbbbbbbbbbbbacccccccc
bbbbbbbbbbbbbbbbbbbbbbbbbbbbbbbacbcccbcc
bbbbbbbbbbbbbbbbbbbbbbbbbbbbbbbacccbcccc
bbbbbbbbbbbbbbbbbbbbbbbbbbbbbbbaccccccbc
bbbbbbbbbbbbbbbbbbbbbbbbbbbbbbbacccccccc
bbbbbbbbbbbbbbbbbbbbbbbbbbbbbbbaccccbccc
bbbbbbbbbbbbbbbbbbbbbbbbbbbbbbbbbbcbcccc
bbbbbbbbbbbbbbbbbbbbbbbbbbbbbbbbbbcccccc
bbbbbbbbbbbbbbbbbbbbbbbbbbbbbbbbbacccccc
bbbbbbbbbbbbbbbbbbbbbbbbbbbbbbbbbcbbcccc
bbbbbbbbbbbbbbbbbbbbbbbbbbbbbbbbbcbccccc
bbbbbbbbbbbbbbbbbbbbbbbbbbbbbbbbbcccbccc
bbbbbbbbbbbbbbbbbbbbbbbbbbbbbbbbbccccbcc
bbbbbbbbbbbbbbbbbbbbbbbbbbbbbbbbbccccccc
bbbbbbbbbbbbbbbbbbbbbbbbbbbbbbbbbcccccbc
bbbbbbbbbbbbbbbbbbbbbbbbbbbbbbbbcacccccc
bbbbbbbbbbbbbbbbbbbbbbbbbbbbbbbbcbbccbcc
bbbbbbbbbbbbbbbbbbbbbbbbbbbbbbbbcbbccccc
bbbbbbbbbbbbbbbbbbbbbbbbbbbbbbbbcbbcbccc
bbbbbbbbbbbbbbbbbbbbbbbbbbbbbbbbcbccccb
bbbbbbbbbbbbbbbbbbbbbbbbbbbbbbbbcbcccccc
bbbbbbbbbbbbbbbbbbbbbbbbbbbbbbbbcbcccbcc
bbbbbbbbbbbbbbbbbbbbbbbbbbbbbbbbcbccbccc
bbbbbbbbbbbbbbbbbbbbbbbbbbbbbbbbcbcbcccc
bbbbbbbbbbbbbbbbbbbbbbbbbbbbbbbbccaccccc
bbbbbbbbbbbbbbbbbbbbbbbbbbbbbbbbccbbcbcc
bbbbbbbbbbbbbbbbbbbbbbbbbbbbbbbbccbbcccc
bbbbbbbbbbbbbbbbbbbbbbbbbbbbbbbbccbcaccc
bbbbbbbbbbbbbbbbbbbbbbbbbbbbbbbbccbcbccc
bbbbbbbbbbbbbbbbbbbbbbbbbbbbbbbbccbcccbc
bbbbbbbbbbbbbbbbbbbbbbbbbbbbbbbbccbcccc
bbbbbbbbbbbbbbbbbbbbbbbbbbbbbbbbcccbbccc
bbbbbbbbbbbbbbbbbbbbbbbbbbbbbbbbcccbcbcc
bbbbbbbbbbbbbbbbbbbbbbbbbbbbbbbbcccbccbc
bbbbbbbbbbbbbbbbbbbbbbbbbbbbbbbbcccbcccc
bbbbbbbbbbbbbbbbbbbbbbbbbbbbbbbbccccaccc
bbbbbbbbbbbbbbbbbbbbbbbbbbbbbbbbccccbbcc
bbbbbbbbbbbbbbbbbbbbbbbbbbbbbbbbccccbc
bbbbbbbbbbbbbbbbbbbbbbbbbbbbbbbbcccccbbc
bbbbbbbbbbbbbbbbbbbbbbbbbbbbbbbbcccccbcc
bbbbbbbbbbbbbbbbbbbbbbbbbbbbbbbbcccccacb
bbbbbbbbbbbbbbbbbbbbbbbbbbbbbbbbcccccc
bbbbbbbbbbbbbbbbbbbbbbbbbbbbbbbcacbccccc
bbbbbbbbbbbbbbbbbbbbbbbbbbbbbbbcaccccccc
bbbbbbbbbbbbbbbbbbbbbbbbbbbbbbbcbbccbbcc
bbbbbbbbbbbbbbbbbbbbbbbbbbbbbbbcbbccbccc
bbbbbbbbbbbbbbbbbbbbbbbbbbbbbbbcbbccccbc
bbbbbbbbbbbbbbbbbbbbbbbbbbbbbbbcbbccccc
bbbbbbbbbbbbbbbbbbbbbbbbbbbbbbbcbcbbcccc
bbbbbbbbbbbbbbbbbbbbbbbbbbbbbbbcbcbbccbc
bbbbbbbbbbbbbbbbbbbbbbbbbbbbbbbcbcbcbcc
bbbbbbbbbbbbbbbbbbbbbbbbbbbbbbbcbcbccbbc
bbbbbbbbbbbbbbbbbbbbbbbbbbbbbbbcbcbccbcc
bbbbbbbbbbbbbbbbbbbbbbbbbbbbbbbcbcbcccbc
bbbbbbbbbbbbbbbbbbbbbbbbbbbbbbbcbcbccccc
bbbbbbbbbbbbbbbbbbbbbbbbbbbbbbbcbcccbcc
bbbbbbbbbbbbbbbbbbbbbbbbbbbbbbbcbccccbbc
bbbbbbbbbbbbbbbbbbbbbbbbbbbbbbbcbccccbc
bbbbbbbbbbbbbbbbbbbbbbbbbbbbbbbcbccccc
bbbbbbbbbbbbbbbbbbbbbbbbbbbbbbbcbccbbccc
bbbbbbbbbbbbbbbbbbbbbbbbbbbbbbbcbccbbcbc
bbbbbbbbbbbbbbbbbbbbbbbbbbbbbbbcbccbcbcc
bbbbbbbbbbbbbbbbbbbbbbbbbbbbbbbcbccbccbc
bbbbbbbbbbbbbbbbbbbbbbbbbbbbbbbcbccbcccc
bbbbbbbbbbbbbbbbbbbbbbbbbbbbbbbccabccccc
bbbbbbbbbbbbbbbbbbbbbbbbbbbbbbbccabbcccc
bbbbbbbbbbbbbbbbbbbbbbbbbbbbbbbccaccccbc
bbbbbbbbbbbbbbbbbbbbbbbbbbbbbbbccacccccc
bbbbbbbbbbbbbbbbbbbbbbbbbbbbbbbccbbbcccc
bbbbbbbbbbbbbbbbbbbbbbbbbbbbbbbccbbccbcc
bbbbbbbbbbbbbbbbbbbbbbbbbbbbbbbccbbcccbc
bbbbbbbbbbbbbbbbbbbbbbbbbbbbbbbccbbcccc
bbbbbbbbbbbbbbbbbbbbbbbbbbbbbbbccbccbbcc
bbbbbbbbbbbbbbbbbbbbbbbbbbbbbbbccbccbcc
bbbbbbbbbbbbbbbbbbbbbbbbbbbbbbbccbcccbc
bbbbbbbbbbbbbbbbbbbbbbbbbbbbbbbccbccccbc
bbbbbbbbbbbbbbbbbbbbbbbbbbbbbbbccbccccc
bbbbbbbbbbbbbbbbbbbbbbbbbbbbbbbccbcbbccc
bbbbbbbbbbbbbbbbbbbbbbbbbbbbbbbccbcbcbc
bbbbbbbbbbbbbbbbbbbbbbbbbbbbbbbccbcbccac
bbbbbbbbbbbbbbbbbbbbbbbbbbbbbbbccbcbccbc
bbbbbbbbbbbbbbbbbbbbbbbbbbbbbbbccbcbcccc
bbbbbbbbbbbbbbbbbbbbbbbbbbbbbbbcccaccccc
bbbbbbbbbbbbbbbbbbbbbbbbbbbbbbbccccacbbc
bbbbbbbbbbbbbbbbbbbbbbbbbbbbbbbccccacbcc
bbbbbbbbbbbbbbbbbbbbbbbbbbbbbbbccccacccc
bbbbbbbbbbbbbbbbbbbbbbbbbbbbbbbccccbbbbc
bbbbbbbbbbbbbbbbbbbbbbbbbbbbbbbccccbbcbc
bbbbbbbbbbbbbbbbbbbbbbbbbbbbbbbccccbbccc
bbbbbbbbbbbbbbbbbbbbbbbbbbbbbbbccccbc
bbbbbbbbbbbbbbbbbbbbbbbbbbbbbbbcccccaccc
bbbbbbbbbbbbbbbbbbbbbbbbbbbbbbbcccccbc
bbbbbbbbbbbbbbbbbbbbbbbbbbbbbbbcccccbbbc
bbbbbbbbbbbbbbbbbbbbbbbbbbbbbbbcccccbbcc
bbbbbbbbbbbbbbbbbbbbbbbbbbbbbbbcccccc
bbbbbbbbbbbbbbbbbbbbbbbbbbbbbbbcccbbbccc
bbbbbbbbbbbbbbbbbbbbbbbbbbbbbbbcccbbbcbc
bbbbbbbbbbbbbbbbbbbbbbbbbbbbbbbcccbbcc
bbbbbbbbbbbbbbbbbbbbbbbbbbbbbbbcccbbcbcc
bbbbbbbbbbbbbbbbbbbbbbbbbbbbbbbcccbcbbcc
bbbbbbbbbbbbbbbbbbbbbbbbbbbbbbbcccbcbcbc
bbbbbbbbbbbbbbbbbbbbbbbbbbbbbbbcccbcbcc
bbbbbbbbbbbbbbbbbbbbbbbbbbbbbbbcccbcc
bbbbbbbbbbbbbbbbbbbbbbbbbbbbbbcabbcccccc
bbbbbbbbbbbbbbbbbbbbbbbbbbbbbbcabccccbcc
bbbbbbbbbbbbbbbbbbbbbbbbbbbbbbcabccccccc
bbbbbbbbbbbbbbbbbbbbbbbbbbbbbbcacaccbccc
bbbbbbbbbbbbbbbbbbbbbbbbbbbbbbcacbbccccc
bbbbbbbbbbbbbbbbbbbbbbbbbbbbbbcacbcbcccc
bbbbbbbbbbbbbbbbbbbbbbbbbbbbbbcacbccbcb
bbbbbbbbbbbbbbbbbbbbbbbbbbbbbbcacbcccccc
bbbbbbbbbbbbbbbbbbbbbbbbbbbbbbcacbcccbcc
bbbbbbbbbbbbbbbbbbbbbbbbbbbbbbcaccbcccbc
bbbbbbbbbbbbbbbbbbbbbbbbbbbbbbcaccbcccc
bbbbbbbbbbbbbbbbbbbbbbbbbbbbbbcacccbbccc
bbbbbbbbbbbbbbbbbbbbbbbbbbbbbbcacccbcccc
bbbbbbbbbbbbbbbbbbbbbbbbbbbbbbcaccccbbbc
bbbbbbbbbbbbbbbbbbbbbbbbbbbbbbcaccccbccc
bbbbbbbbbbbbbbbbbbbbbbbbbbbbbbcaccccccbb
bbbbbbbbbbbbbbbbbbbbbbbbbbbbbbcaccccccc
bbbbbbbbbbbbbbbbbbbbbbbbbbbbbbcacccccbcc
bbbbbbbbbbbbbbbbbbbbbbbbbbbbbbcbabccccbc
bbbbbbbbbbbbbbbbbbbbbbbbbbbbbbcbacccccc
bbbbbbbbbbbbbbbbbbbbbbbbbbbbbbcbbbbccccc
bbbbbbbbbbbbbbbbbbbbbbbbbbbbbbcbbbccbccc
bbbbbbbbbbbbbbbbbbbbbbbbbbbbbbcbbbcccacc
bbbbbbbbbbbbbbbbbbbbbbbbbbbbbbcbbbcccbcc
bbbbbbbbbbbbbbbbbbbbbbbbbbbbbbcbbbccccc
bbbbbbbbbbbbbbbbbbbbbbbbbbbbbbcbbbccccbc
bbbbbbbbbbbbbbbbbbbbbbbbbbbbbbcbbbcbcccc
bbbbbbbbbbbbbbbbbbbbbbbbbbbbbbcbbcbbcccc
bbbbbbbbbbbbbbbbbbbbbbbbbbbbbbcbbcbcbccc
bbbbbbbbbbbbbbbbbbbbbbbbbbbbbbcbbcbcbcbc
bbbbbbbbbbbbbbbbbbbbbbbbbbbbbbcbbcbcaccc
bbbbbbbbbbbbbbbbbbbbbbbbbbbbbbcbbcbccbcc
bbbbbbbbbbbbbbbbbbbbbbbbbbbbbbcbbcbcccc
bbbbbbbbbbbbbbbbbbbbbbbbbbbbbbcbbccbbccc
bbbbbbbbbbbbbbbbbbbbbbbbbbbbbbcbbccbcbbc
bbbbbbbbbbbbbbbbbbbbbbbbbbbbbbcbbccbcbcc
bbbbbbbbbbbbbbbbbbbbbbbbbbbbbbcbbccbccb
bbbbbbbbbbbbbbbbbbbbbbbbbbbbbbcbbccbcccc
bbbbbbbbbbbbbbbbbbbbbbbbbbbbbbcbbcccbbcc
bbbbbbbbbbbbbbbbbbbbbbbbbbbbbbcbbcccbcbc
bbbbbbbbbbbbbbbbbbbbbbbbbbbbbbcbbcccbccc
bbbbbbbbbbbbbbbbbbbbbbbbbbbbbbcbbccccbbc
bbbbbbbbbbbbbbbbbbbbbbbbbbbbbbcbbccccbc
bbbbbbbbbbbbbbbbbbbbbbbbbbbbbbcbbccccc
bbbbbbbbbbbbbbbbbbbbbbbbbbbbbbcbcacccccc
bbbbbbbbbbbbbbbbbbbbbbbbbbbbbbcbcaccbccc
bbbbbbbbbbbbbbbbbbbbbbbbbbbbbbcbcbbbcbcc
bbbbbbbbbbbbbbbbbbbbbbbbbbbbbbcbcbbbcccc
bbbbbbbbbbbbbbbbbbbbbbbbbbbbbbcbcbbcbccc
bbbbbbbbbbbbbbbbbbbbbbbbbbbbbbcbcbbccbc
bbbbbbbbbbbbbbbbbbbbbbbbbbbbbbcbcbbcccbc
bbbbbbbbbbbbbbbbbbbbbbbbbbbbbbcbcbbccccc
bbbbbbbbbbbbbbbbbbbbbbbbbbbbbbcbcbcacccc
bbbbbbbbbbbbbbbbbbbbbbbbbbbbbbcbcbccbcc
bbbbbbbbbbbbbbbbbbbbbbbbbbbbbbcbcbcccbbc
bbbbbbbbbbbbbbbbbbbbbbbbbbbbbbcbcbcccbc
bbbbbbbbbbbbbbbbbbbbbbbbbbbbbbcbcbcccc
bbbbbbbbbbbbbbbbbbbbbbbbbbbbbbcbcbcbbccc
bbbbbbbbbbbbbbbbbbbbbbbbbbbbbbcbcbcbcbcc
bbbbbbbbbbbbbbbbbbbbbbbbbbbbbbcbcbcbccbc
bbbbbbbbbbbbbbbbbbbbbbbbbbbbbbcbcbcbccc
bbbbbbbbbbbbbbbbbbbbbbbbbbbbbbcbccaccccc
bbbbbbbbbbbbbbbbbbbbbbbbbbbbbbcbcccacccc
bbbbbbbbbbbbbbbbbbbbbbbbbbbbbbcbcccbbbcb
bbbbbbbbbbbbbbbbbbbbbbbbbbbbbbcbcccbbcbc
bbbbbbbbbbbbbbbbbbbbbbbbbbbbbbcbcccbbcc
bbbbbbbbbbbbbbbbbbbbbbbbbbbbbbcbcccbcbbc
bbbbbbbbbbbbbbbbbbbbbbbbbbbbbbcbcccbcbc
bbbbbbbbbbbbbbbbbbbbbbbbbbbbbbcbcccbcc
bbbbbbbbbbbbbbbbbbbbbbbbbbbbbbcbcccc
bbbbbbbbbbbbbbbbbbbbbbbbbbbbbbcbccbbacca
bbbbbbbbbbbbbbbbbbbbbbbbbbbbbbcbccbbcbcc
bbbbbbbbbbbbbbbbbbbbbbbbbbbbbbcbccbbccbc
bbbbbbbbbbbbbbbbbbbbbbbbbbbbbbcbccbbccc
bbbbbbbbbbbbbbbbbbbbbbbbbbbbbbcbccbcbbcc
bbbbbbbbbbbbbbbbbbbbbbbbbbbbbbcbccbcbcc
bbbbbbbbbbbbbbbbbbbbbbbbbbbbbbcbccbcbcbc
bbbbbbbbbbbbbbbbbbbbbbbbbbbbbbcbccbcc
bbbbbbbbbbbbbbbbbbbbbbbbbbbbbbccabccccbc
bbbbbbbbbbbbbbbbbbbbbbbbbbbbbbccabccccc
bbbbbbbbbbbbbbbbbbbbbbbbbbbbbbccacbccccc
bbbbbbbbbbbbbbbbbbbbbbbbbbbbbbccacbcccbc
bbbbbbbbbbbbbbbbbbbbbbbbbbbbbbccaccacccc
bbbbbbbbbbbbbbbbbbbbbbbbbbbbbbccaccbccc
bbbbbbbbbbbbbbbbbbbbbbbbbbbbbbccacccbcc
bbbbbbbbbbbbbbbbbbbbbbbbbbbbbbccaccccbcc
bbbbbbbbbbbbbbbbbbbbbbbbbbbbbbccacccccbc
bbbbbbbbbbbbbbbbbbbbbbbbbbbbbbccacccccc
bbbbbbbbbbbbbbbbbbbbbbbbbbbbbbccbaccbccc
bbbbbbbbbbbbbbbbbbbbbbbbbbbbbbccbacccbcc
bbbbbbbbbbbbbbbbbbbbbbbbbbbbbbccbaccccc
bbbbbbbbbbbbbbbbbbbbbbbbbbbbbbccbcbbbcbc
bbbbbbbbbbbbbbbbbbbbbbbbbbbbbbccbcbbbccc
bbbbbbbbbbbbbbbbbbbbbbbbbbbbbbccbcbbcbbb
bbbbbbbbbbbbbbbbbbbbbbbbbbbbbbccbcbbcbc
bbbbbbbbbbbbbbbbbbbbbbbbbbbbbbccbcbbccbc
bbbbbbbbbbbbbbbbbbbbbbbbbbbbbbccbcbbccc
bbbbbbbbbbbbbbbbbbbbbbbbbbbbbbccbcbccbc
bbbbbbbbbbbbbbbbbbbbbbbbbbbbbbccbcbccbbc
bbbbbbbbbbbbbbbbbbbbbbbbbbbbbbccbcbccc
bbbbbbbbbbbbbbbbbbbbbbbbbbbbbbccbcbcbbcc
bbbbbbbbbbbbbbbbbbbbbbbbbbbbbbccbcbcbcbc
bbbbbbbbbbbbbbbbbbbbbbbbbbbbbbccbcbcbcc
bbbbbbbbbbbbbbbbbbbbbbbbbbbbbbccbccacccc
bbbbbbbbbbbbbbbbbbbbbbbbbbbbbbccbccc
bbbbbbbbbbbbbbbbbbbbbbbbbbbbbbccbccbaccc
bbbbbbbbbbbbbbbbbbbbbbbbbbbbbbccbccbbbcc
bbbbbbbbbbbbbbbbbbbbbbbbbbbbbbccbccbbcbc
bbbbbbbbbbbbbbbbbbbbbbbbbbbbbbccbccbbccc
bbbbbbbbbbbbbbbbbbbbbbbbbbbbbbccbccbc
bbbbbbbbbbbbbbbbbbbbbbbbbbbbbbccbbaccccc
bbbbbbbbbbbbbbbbbbbbbbbbbbbbbbccbbbbcbbc
bbbbbbbbbbbbbbbbbbbbbbbbbbbbbbccbbbbcccc
bbbbbbbbbbbbbbbbbbbbbbbbbbbbbbccbbbcbccc
bbbbbbbbbbbbbbbbbbbbbbbbbbbbbbccbbbcbcbb
bbbbbbbbbbbbbbbbbbbbbbbbbbbbbbccbbbccbcc
bbbbbbbbbbbbbbbbbbbbbbbbbbbbbbccbbbcccb
bbbbbbbbbbbbbbbbbbbbbbbbbbbbbbccbbbccccc
bbbbbbbbbbbbbbbbbbbbbbbbbbbbbbccbbcbbccc
bbbbbbbbbbbbbbbbbbbbbbbbbbbbbbccbbcbcbcc
bbbbbbbbbbbbbbbbbbbbbbbbbbbbbbccbbcbccbc
bbbbbbbbbbbbbbbbbbbbbbbbbbbbbbccbbcbccc
bbbbbbbbbbbbbbbbbbbbbbbbbbbbbbccbbccbbc
bbbbbbbbbbbbbbbbbbbbbbbbbbbbbbccbbccbcc
bbbbbbbbbbbbbbbbbbbbbbbbbbbbbbccbbccc
bbbbbbbbbbbbbbbbbbbbbbbbbbbbbbcccabcbccc
bbbbbbbbbbbbbbbbbbbbbbbbbbbbbbcccabcccbb
bbbbbbbbbbbbbbbbbbbbbbbbbbbbbbcccabccccc
bbbbbbbbbbbbbbbbbbbbbbbbbbbbbbcccacbcbcc
bbbbbbbbbbbbbbbbbbbbbbbbbbbbbbcccacbccc
bbbbbbbbbbbbbbbbbbbbbbbbbbbbbbcccaccbccc
bbbbbbbbbbbbbbbbbbbbbbbbbbbbbbcccacccbc
bbbbbbbbbbbbbbbbbbbbbbbbbbbbbbcccaccccbc
bbbbbbbbbbbbbbbbbbbbbbbbbbbbbbcccaccccc
bbbbbbbbbbbbbbbbbbbbbbbbbbbbbbcccbabcbcc
bbbbbbbbbbbbbbbbbbbbbbbbbbbbbbcccbaccccc
bbbbbbbbbbbbbbbbbbbbbbbbbbbbbbcccbbaccc
bbbbbbbbbbbbbbbbbbbbbbbbbbbbbbcccbbcbbcc
bbbbbbbbbbbbbbbbbbbbbbbbbbbbbbcccbbcbcb
bbbbbbbbbbbbbbbbbbbbbbbbbbbbbbcccbbcbccc
bbbbbbbbbbbbbbbbbbbbbbbbbbbbbbcccbbccbbc
bbbbbbbbbbbbbbbbbbbbbbbbbbbbbbcccbbccbcc
bbbbbbbbbbbbbbbbbbbbbbbbbbbbbbcccbbccc
bbbbbbbbbbbbbbbbbbbbbbbbbbbbbbcccbbbbccc
bbbbbbbbbbbbbbbbbbbbbbbbbbbbbbcccbbbcbcc
bbbbbbbbbbbbbbbbbbbbbbbbbbbbbbcccbbbccc
bbbbbbbbbbbbbbbbbbbbbbbbbbbbbbcccbcacccc
bbbbbbbbbbbbbbbbbbbbbbbbbbbbbbcccbcacbcc
bbbbbbbbbbbbbbbbbbbbbbbbbbbbbbcccbcbbbcc
bbbbbbbbbbbbbbbbbbbbbbbbbbbbbbcccbcbbcbc
bbbbbbbbbbbbbbbbbbbbbbbbbbbbbbcccbcbbcc
bbbbbbbbbbbbbbbbbbbbbbbbbbbbbbcccbcbcbcc
bbbbbbbbbbbbbbbbbbbbbbbbbbbbbbcccbcbcbbc
bbbbbbbbbbbbbbbbbbbbbbbbbbbbbbcccbcbcc
bbbbbbbbbbbbbbbbbbbbbbbbbbbbbbcccbcc
bbbbbbbbbbbbbbbbbbbbbbbbbbbbbbcccc
