160
137
bbbbbbbbbbbbbbbbbbbbbbbbbbdddddddddddddd
bbbbbbbbbbbbbbbbbbbbbbbbbccdddcddddddddd
bbbbbbbbbbbbbbbbbbbbbbbbbccddddddddddddd
bbbbbbbbbbbbbbbbbbbbbbbbbcdcdddddddddddd
bbbbbbbbbbbbbbbbbbbbbbbbbcddcddddddddddd
bbbbbbbbbbbbbbbbbbbbbbbbbcdddcddddcddddd
bbbbbbbbbbbbbbbbbbbbbbbbbcdddcdddddddddd
bbbbbbbbbbbbbbbbbbbbbbbbbcddddcddcdddddd
bbbbbbbbbbbbbbbbbbbbbbbbbcddddcddddddddd
bbbbbbbbbbbbbbbbbbbbbbbbbcdddddcddcddddd
bbbbbbbbbbbbbbbbbbbbbbbbbcdddddcdddddddd
bbbbbbbbbbbbbbbbbbbbbbbbbcddddddcdddddcd
bbbbbbbbbbbbbbbbbbbbbbbbbcdddddddcdddddd
bbbbbbbbbbbbbbbbbbbbbbbbbcddddddddcddddd
bbbbbbbbbbbbbbbbbbbbbbbbbcdddddddddbdddd
bbbbbbbbbbbbbbbbbbbbbbbbbcdddddddddcdddd
bbbbbbbbbbbbbbbbbbbbbbbbbcddddddddddcddd
bbbbbbbbbbbbbbbbbbbbbbbbbcdddddddddddcdd
bbbbbbbbbbbbbbbbbbbbbbbbbcdddddddddddd
bbbbbbbbbbbbbbbbbbbbbbbbbdccdddcdddddddd
bbbbbbbbbbbbbbbbbbbbbbbbbdccdddddddddddd
bbbbbbbbbbbbbbbbbbbbbbbbbdcdcddddddddddd
bbbbbbbbbbbbbbbbbbbbbbbbbdcdcdddddddcddd
bbbbbbbbbbbbbbbbbbbbbbbbbdcddcdddddddddd
bbbbbbbbbbbbbbbbbbbbbbbbbdcdddcddddddddd
bbbbbbbbbbbbbbbbbbbbbbbbbdcddddcdddddddd
bbbbbbbbbbbbbbbbbbbbbbbbbdcddddcddcddddd
bbbbbbbbbbbbbbbbbbbbbbbbbdcdddddcddcdddd
bbbbbbbbbbbbbbbbbbbbbbbbbdcdddddcddddddd
bbbbbbbbbbbbbbbbbbbbbbbbbdcddddddcdddddd
bbbbbbbbbbbbbbbbbbbbbbbbbdcdddddddcdddcd
bbbbbbbbbbbbbbbbbbbbbbbbbdcdddddddcddddd
bbbbbbbbbbbbbbbbbbbbbbbbbdcdddddddcddcdd
bbbbbbbbbbbbbbbbbbbbbbbbbdcddddddddcdddd
bbbbbbbbbbbbbbbbbbbbbbbbbdcdddddddddccdd
bbbbbbbbbbbbbbbbbbbbbbbbbdcdddddddddcddd
bbbbbbbbbbbbbbbbbbbbbbbbbdcddddddddddcd
bbbbbbbbbbbbbbbbbbbbbbbbbdcdddddddddddcd
bbbbbbbbbbbbbbbbbbbbbbbbbdcdddddddddddd
bbbbbbbbbbbbbbbbbbbbbbbbbddbdddddddddddd
bbbbbbbbbbbbbbbbbbbbbbbbbddccddddddddddd
bbbbbbbbbbbbbbbbbbbbbbbbbddcdcdddddddddd
bbbbbbbbbbbbbbbbbbbbbbbbbddcddcddddddddd
bbbbbbbbbbbbbbbbbbbbbbbbbddcdddcddddcddd
bbbbbbbbbbbbbbbbbbbbbbbbbddcdddcdddddddd
bbbbbbbbbbbbbbbbbbbbbbbbbddcddddcddcdddd
bbbbbbbbbbbbbbbbbbbbbbbbbddcddddcddddddd
bbbbbbbbbbbbbbbbbbbbbbbbbddcdddddcddcddd
bbbbbbbbbbbbbbbbbbbbbbbbbddcdddddcdddddd
bbbbbbbbbbbbbbbbbbbbbbbbbddcddddddcddddd
bbbbbbbbbbbbbbbbbbbbbbbbbddcdddddddcdddd
bbbbbbbbbbbbbbbbbbbbbbbbbddcddddddddcddd
bbbbbbbbbbbbbbbbbbbbbbbbbddcdddddddddbdd
bbbbbbbbbbbbbbbbbbbbbbbbbddcdddddddddcdd
bbbbbbbbbbbbbbbbbbbbbbbbbddcddddddddddcd
bbbbbbbbbbbbbbbbbbbbbbbbbddcddddddddddd
bbbbbbbbbbbbbbbbbbbbbbbbbdddccdddcdddddd
bbbbbbbbbbbbbbbbbbbbbbbbbdddccdddddddddd
bbbbbbbbbbbbbbbbbbbbbbbbbdddcdcddddddddd
bbbbbbbbbbbbbbbbbbbbbbbbbdddcdcdddddddcd
bbbbbbbbbbbbbbbbbbbbbbbbbdddcddcdddddddd
bbbbbbbbbbbbbbbbbbbbbbbbbdddcddddcddcddd
bbbbbbbbbbbbbbbbbbbbbbbbbdddcddddcdddddd
bbbbbbbbbbbbbbbbbbbbbbbbbdddcdddddcddcdd
bbbbbbbbbbbbbbbbbbbbbbbbbdddcdddddcddddd
bbbbbbbbbbbbbbbbbbbbbbbbbdddcdddddddcdd
bbbbbbbbbbbbbbbbbbbbbbbbbdddcddddddddcdd
bbbbbbbbbbbbbbbbbbbbbbbbbdddcdddddddddcd
bbbbbbbbbbbbbbbbbbbbbbbbbdddcdddddddddd
bbbbbbbbbbbbbbbbbbbbbbbbbdddcdddcddddddd
bbbbbbbbbbbbbbbbbbbbbbbbbddddbdddddddddd
bbbbbbbbbbbbbbbbbbbbbbbbbddddccddddddddd
bbbbbbbbbbbbbbbbbbbbbbbbbddddcdcdddddddd
bbbbbbbbbbbbbbbbbbbbbbbbbddddcddcddddddd
bbbbbbbbbbbbbbbbbbbbbbbbbddddcdddcddddcd
bbbbbbbbbbbbbbbbbbbbbbbbbddddcdddcdddddd
bbbbbbbbbbbbbbbbbbbbbbbbbddddcddddcddcdd
bbbbbbbbbbbbbbbbbbbbbbbbbddddcddddcddddd
bbbbbbbbbbbbbbbbbbbbbbbbbddddcdddddcddcd
bbbbbbbbbbbbbbbbbbbbbbbbbddddcdddddcdddd
bbbbbbbbbbbbbbbbbbbbbbbbbddddcddddddcddd
bbbbbbbbbbbbbbbbbbbbbbbbbddddcdddddddcdd
bbbbbbbbbbbbbbbbbbbbbbbbbddddcddddddddcd
bbbbbbbbbbbbbbbbbbbbbbbbbddddcddddddddd
bbbbbbbbbbbbbbbbbbbbbbbbbdddddbddddddddd
bbbbbbbbbbbbbbbbbbbbbbbbbdddddccdddddddd
bbbbbbbbbbbbbbbbbbbbbbbbbdddddccdddcdddd
bbbbbbbbbbbbbbbbbbbbbbbbbdddddcdcddddddd
bbbbbbbbbbbbbbbbbbbbbbbbbdddddcddcdddddd
bbbbbbbbbbbbbbbbbbbbbbbbbdddddcdddcddddd
bbbbbbbbbbbbbbbbbbbbbbbbbdddddcddddcddcd
bbbbbbbbbbbbbbbbbbbbbbbbbdddddcddddcdddd
bbbbbbbbbbbbbbbbbbbbbbbbbdddddcdddddcdd
bbbbbbbbbbbbbbbbbbbbbbbbbdddddcdddddddcd
bbbbbbbbbbbbbbbbbbbbbbbbbdddddcdddddddd
bbbbbbbbbbbbbbbbbbbbbbbbbddddddbdddddddd
bbbbbbbbbbbbbbbbbbbbbbbbbddddddccddddddd
bbbbbbbbbbbbbbbbbbbbbbbbbddddddcdcdddddd
bbbbbbbbbbbbbbbbbbbbbbbbbddddddcddcddddd
bbbbbbbbbbbbbbbbbbbbbbbbbddddddcdddcdddd
bbbbbbbbbbbbbbbbbbbbbbbbbddddddcddddcdd
bbbbbbbbbbbbbbbbbbbbbbbbbddddddcdddddcdd
bbbbbbbbbbbbbbbbbbbbbbbbbddddddcddddddcd
bbbbbbbbbbbbbbbbbbbbbbbbbddddddcddddddd
bbbbbbbbbbbbbbbbbbbbbbbbbdddddddbddddddd
bbbbbbbbbbbbbbbbbbbbbbbbbdddddddccdddcdd
bbbbbbbbbbbbbbbbbbbbbbbbbdddddddccdddddd
bbbbbbbbbbbbbbbbbbbbbbbbbdddddddcdcddddd
bbbbbbbbbbbbbbbbbbbbbbbbbdddddddcddcdddd
bbbbbbbbbbbbbbbbbbbbbbbbbdddddddcdddcddd
bbbbbbbbbbbbbbbbbbbbbbbbbdddddddcddddcdd
bbbbbbbbbbbbbbbbbbbbbbbbbdddddddcdddddcd
bbbbbbbbbbbbbbbbbbbbbbbbbdddddddcdddddd
bbbbbbbbbbbbbbbbbbbbbbbbbddddddddbdddddd
bbbbbbbbbbbbbbbbbbbbbbbbbddddddddccddddd
bbbbbbbbbbbbbbbbbbbbbbbbbddddddddcdcdddd
bbbbbbbbbbbbbbbbbbbbbbbbbddddddddcddcddd
bbbbbbbbbbbbbbbbbbbbbbbbbddddddddcdddcdd
bbbbbbbbbbbbbbbbbbbbbbbbbddddddddcddddcd
bbbbbbbbbbbbbbbbbbbbbbbbbddddddddcddddd
bbbbbbbbbbbbbbbbbbbbbbbbbdddddddddbddddd
bbbbbbbbbbbbbbbbbbbbbbbbbdddddddddccddd
bbbbbbbbbbbbbbbbbbbbbbbbbdddddddddcdcddd
bbbbbbbbbbbbbbbbbbbbbbbbbdddddddddcddcdd
bbbbbbbbbbbbbbbbbbbbbbbbbdddddddddcdddcd
bbbbbbbbbbbbbbbbbbbbbbbbbdddddddddcdddd
bbbbbbbbbbbbbbbbbbbbbbbbbddddddddddccddd
bbbbbbbbbbbbbbbbbbbbbbbbbddddddddddcdcdd
bbbbbbbbbbbbbbbbbbbbbbbbbddddddddddcddcd
bbbbbbbbbbbbbbbbbbbbbbbbbddddddddddcddd
bbbbbbbbbbbbbbbbbbbbbbbbbdddddddddddbddd
bbbbbbbbbbbbbbbbbbbbbbbbbdddddddddddccdd
bbbbbbbbbbbbbbbbbbbbbbbbbdddddddddddcdcd
bbbbbbbbbbbbbbbbbbbbbbbbbdddddddddddcdd
bbbbbbbbbbbbbbbbbbbbbbbbbddddddddddddccd
bbbbbbbbbbbbbbbbbbbbbbbbbddddddddddddcd
bbbbbbbbbbbbbbbbbbbbbbbbbddddddddddddd
