851477266432
341
beedeeeeee
beeeeeeeee
cceeeeedee
cceeeeeeed
cceedeeeee
ceecedeeee
ceeddeedee
ceededdeee
ceededeeee
ceedeedeee
ceedeeedee
ceedeeeede
ceedeeeeee
ceeeceeeee
ceeededeee
ceeedeeee
ceeeeddeee
ceeeededee
ceeeedeee
ceeeeeddee
ceeeeedede
ceeeeedee
ceeeeeedde
ceeeeeede
ceeeeeee
ceddddeeee
ceddeeeeee
ceddeeeede
cedededeee
cededeeeee
cedeedeedd
cedeeceeed
cedeeedeee
cedeeeeede
cedeeeeee
cddeeeeeee
cdededdede
cdedeeeeee
cdeeddeeee
cdeedeeeee
cdeededeee
cdeededdee
cdeeedeeee
cdeeeedeee
cdeeeeedee
cdeeeeeede
cdeeeeeee
cdeeeeecee
dcedeeeeed
dcedeeedee
dceedeeede
dceedeeeee
dceeeddeee
dceeedeece
dceeedeeee
dceeeeddee
dceeeedeee
dceeeeedde
dceeeeeede
dceeeeeeee
dcdeeeeede
dcdeeeeee
dcdeeeedee
ddddeeeeee
dddedddeee
dddedeeede
dddeceedee
dddeedeee
dddeeddeee
dddeeddede
dddeeeceee
dddeeedee
dddeeeedde
dddeeeedee
dddeeeeede
dddeeeeee
ddecedeeee
ddeceedeee
ddeceeedee
ddeceeeeee
ddedddeeee
ddeddeeede
ddeddeeee
ddedededde
ddededeee
ddedeedeee
ddedeeedee
ddedeeeede
ddedeeeee
ddeecdddee
ddeecdeeee
ddeeddedee
ddeeddeeee
ddeedceeee
ddeedcedee
ddeededee
ddeedeede
ddeedeeede
ddeedeeee
ddeeebeeee
ddeeecedee
ddeeeceee
ddeeeddeee
ddeeedeced
ddeeededde
ddeeededee
ddeeedeee
ddeeedeede
ddeeeeddde
ddeeeeddee
ddeeeede
ddeeeeecee
ddeeeeedde
ddeeeeedee
ddeeeeee
decdeeeded
dececeeeee
deceeeddee
deceeeedee
deceeeeede
deceeeeee
deceededee
deceedeeee
dedceeeeee
deddceeeee
dedddedeee
dedddeeee
dedddeeede
deddebeeee
deddeecede
deddeedeee
deddeedede
deddeeedee
deddeeeede
deddeeeee
deddeddded
deddededee
deddedeee
dededddede
dededdeeee
dedededdee
dedededee
dededeedee
dededeee
dedeeceeed
dedeeddee
dedeeddede
dedeededde
dedeedede
dedeedeede
dedeedeee
dedeeeddee
dedeeededd
dedeeedee
dedeeee
deecceeeee
deecdeeede
deecdeeeed
deeceddeee
deecedeeee
deeceedede
deeceedeee
deeceeeede
deeceeeee
deedceeeee
deedddeee
deeddecede
deeddeceee
deeddedeee
deeddeeced
deeddeede
deeddeedde
deeddeeee
deeddeeede
deededcdee
deedededee
deededee
deededdee
deededdede
deedeceeee
deedecdeee
deedeeceee
deedeee
deedeedded
deedeede
deeecceeee
deeecdeede
deeecdeeee
deeecedeee
deeecedede
deeeceedee
deeeceeede
deeeceeee
deeedceeee
deeedddee
deeeddedee
deeeddeede
deeeddeee
deeedeceee
deeededdee
deeedede
deeedee
deeee
ebeeeeeeee
ecceedeeee
ecceeeeeee
ecdddeeeee
ecddedeeee
ecddeedeee
ecdeceeeee
ecdeddeeee
ecdededede
ecdedeedee
ecdedeeee
ecdeeedeed
ecdeeeedee
ecdeeeeede
ecdeeeeee
ecdeedeede
ecdeedeeee
eceddeeeee
ecededdeee
ecededeeee
ecedeedeee
ecedeeedee
ecedeeeede
ecedeeeee
eceecedeee
eceeceeeee
eceeceedee
eceededede
eceededeee
eceedeedee
eceedeeede
eceedeeeee
eceedddeee
eceeddecde
eceeddedde
eceeddeeee
eceeeceedd
eceeeddcee
eceeedddee
eceeeddee
eceeededee
eceeedee
eceeeeceed
eceeeeddee
eceeeedeee
eceeeee
edbedeeeee
eddcdeeeee
eddceeedee
eddceeeeee
edddcedeee
eddddeedee
eddddeeeee
edddededee
edddeecdde
edddeedeee
edddeeeddd
edddeeedee
edddeeee
eddeceeeee
eddedddeee
eddeddedee
eddeddeee
eddededded
eddededeee
eddedeede
eddedeedde
eddedeee
eddeeceede
eddeeceeee
eddeededee
eddeedecee
eddeedeede
eddeedeee
eddeeddee
eddeeeceee
eddeeede
eddeeeddde
eddeeedde
eddeeeecee
eddeeeedde
eddeeeedee
eddeeeee
edcdeeeeee
edceddeede
edcededeee
edceedeeee
edceeeedee
edceeeedde
edceeeeeee
edceeedeee
edceeedede
edecedeede
edecedeee
edeceedeee
edeceeedee
edeceeeede
edeceeeee
edecdeeee
edecdedeee
ededceeeee
ededdedee
ededdeeede
ededdeeee
ededddeeee
ededecdedd
ededeceeee
ededeceede
edededdeee
edededdede
edededecee
ededededee
edededeee
ededeecee
ededeedded
ededeeddde
ededeedede
ededeedee
ededeee
edeecdeeee
edeecedeee
edeeceedee
edeeceecee
edeeceeede
edeeceeeee
edeedddeee
edeeddedee
edeeddee
edeedceeee
edeedcdeee
edeededdde
edeededde
edeededed
edeededeee
edeedeceee
edeedee
edeee
ee
