1285268963328
281
bfffffffff
cdffffffed
ceeffdffff
ceeffffff
cefffffeef
cefffeffff
cfeffffff
cfefffdeff
cfefffeeff
cfefefffef
cfefefffff
cfefeffeff
cffeffffff
cffeeffeef
cffeefffff
cffffeefff
cffffeffef
cfffffefef
cfffffeff
cfffffeeff
cffffffeff
cffffffeef
cffffffff
cfffefcfef
cfffeffeff
cfffeffeef
cfffefffff
cfffefffef
cfffefeffe
cffcffffff
ecfefeffff
ecffefffff
ecfffeefff
ecfffeffff
ecffffeffd
ecffffffef
ecffffffff
eddfffffff
edeefeffff
edeeffffef
edeefffeef
edeeefffff
edefdfffff
edefeefeef
edefefffff
edefedffef
edeffeffff
edefffefff
edeffffeff
edefffffef
edefffffff
edfdffffe
edfdffffff
edfeeeffff
edfeefffff
edfefefeff
edfeffefff
edfefffeff
edfeffffef
edfeffffff
edffddffff
edffdffff
edfffdffef
edfffeeffe
edfffefeff
edfffeffff
edffffeeff
edffffeff
edffffefdf
edffffdff
edfffff
edffeefeff
edffefefff
edffefefef
edffefffff
edffefffef
ef
eecfffffff
eedefefffe
eedfeffffe
eedfedfeee
eedfffefff
eedffffff
eedffffeff
eefddffffe
eefdffeff
eefdfffefe
eefdffffef
eefdffffff
eefdfefefe
eefdeeffff
eefedfffff
eefedffeef
eefefeeff
eefefefeef
eefefefeff
eefefefff
eefefeffef
eefeff
eefeeefeff
eefeeeffdf
eefeeeffff
eefeefefff
eefeeffff
eefeeffef
eefeeffedf
eeffddfeff
eeffdfeeff
eeffdfefff
eeffdffeff
eeffdffff
eeffeeefff
eeffeefeff
eeffeefdff
eeffeefff
eeffeeffef
eeffefeef
eeffefefef
eeffefefff
eeffefdfff
eeffeffeee
eeffeffef
eeffefff
eefffdefe
eefffdffef
eefffdffff
eeffff
eefffeeeef
eefffeeeff
eefffeefff
eefffef
eeeeefffff
eeeefefff
eeeefeffef
eeeeffdffe
eeeeffeff
eeeefffef
eeeefffff
eeefcfffff
eeefdeffef
eeefdffffe
eeefdfefff
eeefeefdff
eeefeeffff
eeefefeefe
eeefefefff
eeefefff
eeeffdffff
eeeffeefef
eeeffeeeff
eeeffeffff
eeeffefeff
eeefffeef
eeefffefff
eeefffdfef
eeefffdfff
eeeffff
f
dcffffffef
dedfffffff
dedffeffef
dedffeffdf
deeeffffef
deeeffeffe
deefefffff
deeffeffff
deeffefeff
deeffdfeff
deeffffeff
deefffffef
deeffffff
deefffeeff
defdffffff
defdeeffee
defefefeff
defeffefee
defeffeffe
defefffeef
defefffff
defeffffef
deffdfffff
deffedfefd
deffefefef
deffefeeff
deffeffdff
deffeffeff
deffefffee
deffefffff
defffdffff
defffeffff
defffefe
deffffceff
defffff
deffffeeff
deffffedff
deffffefef
deffffefff
dddfffeffe
ddfefffeee
ddffefffff
ddfffefeff
ddffffffef
ddfffffff
ddeffffeef
ddefffffff
dfeeefffdf
dfeeefffff
dfeefffeff
dfeefffff
dfeeffefff
dfefdeefff
dfefeeffff
dfefefedfd
dfefeffeef
dfefefffef
dfefefffff
dfefefdfef
dfeffdffff
dfefffeeff
dfefffeff
dfeffff
dfeffeefff
dfeffefdff
dfeffeffff
dfdfefffff
dfdfeffeff
dfdffeffef
dfdffeefef
dfdffeefff
dfdfffefff
dfdffffeee
dfdfffffff
dfdefeffff
dfdeffffff
dffdedffff
dffdffeffe
dffdffeeff
dffdfffff
dffdfeefff
dffdfefffe
dffedffeff
dffeeeffff
dffeeffeff
dffeefff
dffefdffff
dffefefeff
dffefeffcf
dffefefff
dffefeedff
dffefeefff
dffeffdeff
dffeffdfef
dffeffefff
dffeffeeff
dffefffdff
dffefffef
dffeffff
dffcfeffff
dffcffffff
dfffdeffff
dfffdfffef
dfffdfffff
dfffdfdffe
dfffedefef
dfffedfff
dfffeeeeef
dfffeeefef
dfffeeefff
dfffeefff
dfffeefeef
dfffeefeff
dfffefdeff
dfffefefef
dfffefeff
dfffefeedf
dfffefeef
dfffeffdff
dfffeffeef
dfffeffeff
dfffefff
dffff
