1887638126592
427
djjjjjjhji
eijijjijij
eiijiijijj
ejjijjjjjj
ejjjhjjjjj
ejjjjjjjhj
ejjjijjjhj
ejjjihhjii
ejiijjjjih
ejijjijjfi
ejijjjhjjj
fghjiiijjj
fhjhjijjjj
fhijjijjhj
fhiiijjijj
fjhiijhijj
fjijjjhjii
fjijjjjjji
fjijgjijjj
fjigjjijii
fjiiihjijh
fjjhjhjjji
fjjihjjjij
fjjiijhhji
fjjijigjjj
fjjijhjihj
fjjijjiijj
fjjijjjjji
fjjjijjhjj
fjjjijhihj
fjjjjiijhj
fjjjjjijhj
fjjjjjjj
fjjjjjjijj
fjjjjhhijj
fihijjjjji
fihijiijji
fihhjhjjij
fihjjjijjj
fijhjijjjj
fijhiijhij
fijjjjjjjj
fijjjjiijj
fijjjjijii
fijjjjhjjj
fijjjijjhj
fijjjijgjj
fiihjjjhjj
fiijiihjgh
fiijjjfhjj
gghjjjjjii
ggjjjjjijh
ggjjiiighj
ggihijjjjj
ghhjjjjjji
ghiijjjjjj
ghijgijiij
ghghjijjjj
ghjgijhjji
ghjjjjjjji
ghjjjjjijj
ghjjjijjjj
ghjjjiiigj
ghjijjjjjj
ghjijijjjh
ghjijijjij
ghjihjjiji
ghjiijjjij
giihijjjjj
giihjjihij
giiijjjjjj
giijjiijjj
giijjijjjj
giijjhjjjj
giijjjjhgi
giijjjjiji
giijjjjiii
giijjjjjhj
giijijjjjh
giijiijjj
gijgjjijji
gijhiijijj
gijhjijjjg
gijhjiijji
gijhjjjjij
gijhjjjijj
gijhjjhjjj
gijiijjjgj
gijijjjjjj
gijijjiiij
gijijjijjj
gijijijiji
gijjiijjij
gijjiijijj
gijjihjjjj
gijjihjiij
gijjijiijh
gijjijhjji
gijjijjjj
gijjjhjijj
gijjjijjgj
gijjjijjjj
gijjjiiijj
gijjjiijji
gijjjiijij
gijjjjijjj
gijjjjjhij
gijjjjjhjj
gijjjjjijj
gijjjjjigj
gijjjjjjj
gijjjjjjgj
gihijihjij
gihjijijjj
gihjjjjhjj
gihjjjjjjg
gihjjijjjh
gjfijiijij
gjfjjjjjjj
gjgigjijjj
gjgjjjjijj
gjhihijijj
gjhjfijjji
gjhjiihjji
gjhjijjhhj
gjhjijhjjj
gjhjjjihji
gjhjjhjjji
gjhjjijjhj
gjhjjijhji
gjhjjijiij
gjjfjjjjgj
gjjfjjjijj
gjjgijjjjj
gjjhijjjjj
gjjhjijjj
gjjhjjjjjj
gjjhjjjjhj
gjjhjjjijh
gjjhjjihih
gjjjhjfjih
gjjjhjjjhj
gjjjhjjjii
gjjjjgijjh
gjjjjgjjjj
gjjjjgjjij
gjjjjihjij
gjjjjiiiih
gjjjjiijjj
gjjjjiijij
gjjjjijhjh
gjjjjijihj
gjjjjijiji
gjjjjijjj
gjjjjjhjij
gjjjjjhiji
gjjjjjijhj
gjjjjjijj
gjjjjjiij
gjjjjjjijj
gjjjjjjiih
gjjjjjjj
gjjjjjjghj
gjjjjhijjj
gjjjjhhhgj
gjjjjhjijj
gjjjjhjjjj
gjjjgjjjjj
gjjjgjihhj
gjjjiijjih
gjjjijijj
gjjjijifii
gjjjijjigj
gjjjijjgii
gjjjijjjii
gjjjijjjj
gjjjijhjjj
gjjjihijjj
gjjihgjjji
gjjihiijii
gjjihjijhj
gjjiiiijji
gjjiihhjij
gjjiigjjhj
gjjijijiij
gjjijijijj
gjjijhjfjj
gjjijfijji
gjjijjhhij
gjjijjihji
gjjijjijji
gjjijjjiij
gjjijjjhgj
gjjijjjjij
gjjijjjjjj
gjjigjjjjj
gjiijgjfii
gjiijjjjjj
gjiijjiiij
gjiijjhjjj
gjiijijhjj
gjiijijjji
gjiiifhjjj
gjihjhijjj
gjihjijjjj
gjijjhijjj
gjijjjjj
gjijjjhjji
gjijjjiiii
gjijjjijij
gjijjjijjj
gjijjiijgj
gjijjihjjg
gjijijijhi
gjijijijji
gjijijjjij
gjijijjjj
hejjggjjjj
hggijihjii
hghjhijjgj
hgijjjjjjh
hgijjjjjij
hgjijhjijj
hgjijjjjjj
hgjijjjjhj
hgjijijjjj
hgjjijjjhi
hgjjijjjj
hgjjjijjij
hgjjjijjj
hgjjjjjjij
hgjjjjhhjj
hfijjjjjjj
hfjiiijjjh
hfjjjjhjjj
hhfijjjjji
hhgihhjjii
hhgjiijjjj
hhgjjiighe
hhghjjhjhi
hhhhijjijj
hhhjijjiij
hhhjjiiijj
hhhjjijijj
hhhigjiijj
hhhijjjijj
hhihhjjjji
hhihijjjhi
hhijijijji
hhijijihjj
hhijjihjhj
hhijjijhji
hhijjifihi
hhijjjijhj
hhijjjijij
hhijjjjgjj
hhijjjjijj
hhiihjjjig
hhiiijjjji
hhiijijijj
hhiijjjhjj
hhjgjjijij
hhjiiihjjj
hhjiihijhi
hhjiijjjjj
hhjiijhejj
hhjijjhjji
hhjijjjhjj
hhjijjjji
hhjijjjijj
hhjhjjjjjj
hhjhijijjj
hhjhhjjjjj
hhjjiijjii
hhjjiiiijj
hhjjiiijij
hhjjijihhj
hhjjijjhji
hhjjijjiji
hhjjijjjjj
hhjjihjijj
hhjjjgijij
hhjjjijhjj
hhjjjigjjj
hhjjjiijj
hhjjjiiijh
hhjjjihjji
hhjjjjhhjh
hhjjjjhjjj
hhjjjjgjjj
hhjjjjjjjj
hhjjjjjjh
hhjjjjjiji
hhjjjjjhjg
hhjjjjjhij
hhjjjjiiij
hhjjjjijj
hhjjjhjiji
hhjjjhjfji
hhjjjhijji
hhjjhijjjj
hhjjhjhjjj
higiijigjj
higjjjjiji
higjijjijj
highgjjjjj
highjjhijj
hihigjjiid
hihijjjijh
hihijjjjji
hihihiijhj
hihjhjjjj
hihjjjgjjg
hihjjjhjji
hihjjjjihj
hihjjjjjjj
hihjjfjijj
hiigjighji
hiihijgjjj
hiihjgjjii
hiihjjijjj
hiihjjjijh
hiihjigjii
hiijghjjjh
hiijiijijg
hiijiiijij
hiijijijjj
hiijijjijj
hiijijjjhj
hiijijhjij
hiijhijjjj
hiijjigjhj
hiijjiiiii
hiijjiiihi
hiijjiiji
hiijjiijjj
hiijjiighj
hiijjhjhjj
hiijjhjiij
hiijjjhijj
hiijjjigjj
hiijjjijjj
hiijjjiiih
hiijjjjij
hiijjjjj
hiiihjjihh
hiiihjjjjj
hiiihijjjj
hiiiijijjj
hiiiijjjjj
hiiiijjfjj
hiiijhhgji
hiiijijijj
hiiijijiij
hiiijijjjj
hiiijjhhjj
hiiijjhjjj
hiiijjjjj
hiiijjjiji
hiiijjijjj
hiiijjiijj
hiiijjiiii
hijgjjjijj
hijgjjjjji
hijjhijijj
hijjhjjgjj
hijjhjjjjj
hijjighjii
hijjiiijij
hijjiijjih
hijjihjjij
hijjijjiig
hijjijjijj
hijjijjhji
hijjijjjj
hijjijijj
hijjijijhh
hijjijiiij
hijjjgjjji
hijjjhiiij
hijjjhjijj
hijjjhjji
hijjjiijj
hijjjiijgj
hijjjijhjj
hijjjijijj
hijjjijjij
hijjjijjj
hijjjj
hijhhjjjhj
hijhijjjjj
hijhijijjj
hijhiihjij
hijhihjjii
hijhjijjij
hijhjijjjj
hijhjjijii
hijhjjiijj
hijhjjjiij
hijhjjjjjj
hijhjjjjii
hijihjjigj
hijihjjjjj
hijiigiijj
hijiijijjj
hijiijijij
hijiijigij
hijiijjgjj
hijiijjijh
hijiihjjjj
hijijhihjj
hijijgijih
hijijihjj
hijijiijji
hijijijjjj
hijijjhjij
hijijjhhjj
hijijjihih
hijijjiiij
hijijjijhh
hijijjjijj
hijijjjgij
hijijjjjj
hijijjjjij
hj
i
j
