2498597224448
709
szzwzxxyzz
szzyyyyzzw
szzyyzzzzz
szzxyzyzxz
szxyyyyzyy
pzwzzzzzxy
rzzxwzzuyx
ruuzzzzzzy
qzxxzzzzyz
qzzzvzzyzz
qzzxzyxwxz
txxzxyzzzz
txvzxzzyzz
tyzyzyzzyy
tyxzxzzzyz
tyxxyzyzzy
tyyzyxzyzv
tyyzzzzzzz
tzuzzszxzz
tzxxxyyzzv
tzvyzzwzxy
tzwzyzyzyz
tzyxzzyyyz
tzyxzyyzzz
tzyyzyzxzy
tzyyyzzwzz
tzyzyzzxyz
tzyzzzyzxx
tzyzzzzzyw
tzyzzyzyyz
tzzxxzzxzz
tzzxzyywyw
tzzyzzxyww
tzzyzyzyzx
tzzyzyzxzz
uuzzzxyyzx
uuxzzyzyyz
uwyzxzzzxy
uwxxyzzyzz
uwxzzyzxzy
uwxzzzxzux
uzvzvzzxwz
uzxyzwuzyz
uzxyyzyyzy
uzxyyzyzzz
uzxzwzxzzy
uzxzyzzzxw
uzxzvzzyzw
uzwzzwzzyz
uzwxzxzyxx
uzyvzzxxzx
uzyyyzyzzz
uzyywzzzvz
uzyyzzzxzz
uzywwywyyz
uzywwwyzzw
uzyzyyyzzz
uzyzzvyzwz
uzyzzzxzzx
uzyzzztxyz
uzyzzzzyyz
uzyzzxzxxz
uzyxzzwxzz
uzzyzzyyzz
uzzyyzyyxx
uzzwxzzuzy
uzzwzwyzzz
uzzwzzyzxz
uzzuzyxzzy
uzzxzyzwyz
uzzxzyvzyz
uzzxwyzzwy
uzzxwzyzyx
uzzvuyzzvx
uzzzuyzzzz
uzzzyyzzz
uzzzyzzyzz
uzzzyxzyzy
uzzzzxzzxy
uzzzzxyxwy
uzzzzyzzy
uzzzzyyzzx
uzzzzzzyyy
uzzzzzzxyz
uzzzzzuzxz
uzzzzzyxzy
uzzzzzyyzz
uxzzzzxzzz
uxzzzzzxzy
uxzyzzwzyz
uxzyyxzzzz
uxwwzwyzzz
uytzxyzzzz
uyyyxyyzzz
uyyyzyyzzz
uyyzxzxzyz
uyyzzyzzxy
uyxwzwyzyy
uyxyzzzuxx
uyxyxyzzzz
uyzwxzzzxz
uyzyzyyzxx
uyzyzzxzyz
uyzyzzzzzy
uyzywwzzzz
uyzxyzvzzz
uyzxzyxxvz
uyzxzzywzz
uyzxvzxzzv
uyzzyxzxzy
uyzzzyzxxz
uyzzzzzzzy
uyzzxzzzxy
vtyzzxzwzy
vuzzzzyyyx
vuzzyyzzyy
vxyzyxxyxy
vxyxzzzxzx
vxyxzzxyzz
vxyyyyzzzz
vxyyzzyyvz
vxzwzvzyzy
vxzxzyzzyy
vxzyzyzyzy
vxzyzyxzzx
vxzyyyzwxz
vxzyyyzzzz
vxzzvzzwyz
vxzzzzwzxz
vxzzzzzyzy
vxzzzzyzyy
vxzzzywyyz
vxzzzyxzzx
vxzzzyzzzz
vxwywzxzyz
vxxzzxwwzz
vxxzzyzwzz
vvyyyzzzyz
vvzxzzyyzz
vvzywzzvwz
vwxzyxzvzx
vwtyzxywxz
vwyxzwyyxz
vwyywwzzzz
vwzyzzzzzz
vwzzzyzxyz
vwzzxzzzzz
vwzzyzwzzz
vwzwzyzzzz
vywxzxzzyz
vywwxzzyzv
vywzzzzxyw
vywyyzzzzz
vyxxzvzxzx
vyxzzzyxzy
vyxzzzzzzx
vyxzwwzxxw
vyxyyzvzxz
vyyvzxzzwz
vyyvzzyxzz
vyywzzzwzz
vyywxzzvxz
vyyyyzzyyx
vyyyzzzzzz
vyyyzzzxzz
vyyzyzzzyz
vyyzxzzyxz
vyyzzyzzxz
vyyzzvxzzz
vyyzzzzyzx
vyyzzzyyzu
vyyzzwzzzz
vyyzzwzzxy
vyzvzyzxyz
vyzwyzzzzz
vyztxwzzzz
vyzzwyzzxx
vyzzyxzzzz
vyzzyzyxzz
vyzzyzxzzz
vyzzyzzzyz
vyzzyzzzzz
vyzzyyyyzz
vyzzyyzzzz
vyzzzyzzyz
vyzzzyyzxv
vyzzzxzzzz
vyzzzxzvzz
vyzzzzxzzz
vyzzzzywwz
vyzzzzyzyz
vyzyyzyzzz
vyzyyzuyzw
vyzyyzzxzy
vyzyyzzyyz
vyzyyzwzyy
vyzyzyzywz
vyzyzyzzzz
vyzyzzyzzz
vyzyzzzzyz
vyzywyzyzz
vzvzzzzyyy
vzxyyyzyzw
vzxyyzxxzz
vzxyzyzzyy
vzxzxyxyxz
vzxzyyzvzz
vzxzyzzzyw
vzxzyzxzyz
vzxzzywwzz
vzxzzzzyzz
vzwxyywzzz
vzwyzzzzzz
vzwzzzzyyv
vzwzqzzzzz
vzyvzzzwzz
vzyzwyzxzz
vzyzszyyxy
vzyzyyywzz
vzyzyzyzzx
vzyzyzzyzz
vzyzyzzzxx
vzyzzyzyxz
vzyzzvwzzy
vzyzzxzzzz
vzyzzxxzzy
vzyzzzzxzz
vzyzzzzvzz
vzyzzzzzyy
vzyzzzzzwz
vzyzzzzzxy
vzyxxyzzzy
vzyxzyyyyz
vzyxzzzxzz
vzyxzzxzyx
vzyyxzyzxz
vzyyxwzyxz
vzyyyxxzzz
vzyyyyxzzz
vzyyyyzzuy
vzyyyzzzzz
vzyyzzyzzz
vzyyzzyzyu
vzyyzzzzzz
vzyyzwzxzy
vzyyvyzzzz
vzyyvzzzyz
vzyyvzzwzy
vzywzzzxxz
vzzwzwxzxz
vzzwzzxzxz
vzzwyzzyzy
vzzyxvywzy
vzzyxzwzzy
vzzywzxyyw
vzzywzyzzz
vzzyyzzzyz
vzzyyyzzyz
vzzyzyyzyy
vzzyzzwyxz
vzzyzzwzxz
vzzyzzyzyy
vzzyzwzzyy
vzzyzxyyzz
vzzyzxxzyz
vzzyzxxzxz
vzzyzxwzxz
vzzxyyyzyz
vzzxxzuxzx
vzzxxyyzzy
vzzxxyzxtz
vzzxwyxyxz
vzzxzzyzzw
vzzxzzzyzx
vzzxzyzysz
vzzzqzxvyx
vzzzvyzzzy
vzzzxxzzzy
vzzzxzyzzv
vzzzxzyyzy
vzzzxzzzyz
vzzzxzzyyy
vzzzyyzvyx
vzzzyzyzzy
vzzzyzxwzz
vzzzyzzzzz
vzzzyzzyyy
vzzzyxzxyy
vzzzyxzyxx
vzzzyxxyzz
vzzzzwzzxz
vzzzzyyzyy
vzzzzyyzxy
vzzzzyzzz
vzzzzyzyz
vzzzzyuzuz
vzzzzyxzzy
vzzzzxzyzz
vzzzzzyxzz
vzzzzzyuyx
vzzzzzxyzz
vzzzzzxzwz
vzzzzzxxzz
vzzzzzzxzx
vzzzzzzxyy
vzzzzzzz
wszzyyyzzy
wszszzywzz
wuyxzyzzzx
wuyvxwzzzy
wuwzzxyzyz
wuzzvyzzyz
wuzyzyzzzz
wuzyyzyyyy
wtxzwzzzzy
wvxzzxzzzz
wvxyzzwzzy
wvzyxwzzzy
wvzyuyzzzy
wvzzvzvwzz
wvzzyyyzyx
wvzzzyyzzz
wvzzzyzzxy
wvzzzzzzzz
wvwzyywzyz
wvyswusztx
wvyzzwzyzx
wvyzzzwxzx
wvyryxzzzz
wvyyzvzzzz
wwxzxzxzyx
wwvzyyxzzz
wwwxzyxzzt
wwwyzyzzzz
wwzwyyyzyz
wwzxxzzzzz
wwzxzzzzvz
wwzzwvyzyz
wwzzzzzzxw
wwzzxzzwxw
wwzzxxxzzz
wwzyyyyzyz
wwzyzzxzyz
wwzyzyxzzy
wwyvyywzzv
wwyyyzzyyx
wwyyyzzzyz
wwyyyyszvz
wwyzwyzyyz
wwyzyyxxyz
wwyzyzzzyx
wwyzyzyyzz
wwyzzxzyzz
wwyzzzzyyy
wxtzyyzzzy
wxuvzzxzyz
wxxzzzzzxz
wxxvzxzyzz
wxxxzxzyzv
wxxxwzxzzy
wxwzzzyzzz
wxwxzzzzyy
wxwtxztzxz
wxzxxxxzyz
wxzxzzxyxv
wxzxzzzyzy
wxzxzxwyzy
wxzxyzyzyx
wxzwyxyzzz
wxzwyzzwyy
wxzzrwzyyz
wxzzuzzzyz
wxzzyzxyzy
wxzzyzzzxy
wxzzyzyyzy
wxzzyyzzzz
wxzzzxxyvz
wxzzzztzyy
wxzzzzzyzz
wxzzzzzzxz
wxzzzzzzzy
wxzzzzxzzv
wxzzzwzzyw
wxzvyyzzzw
wxzvzyzzzz
wxzyyzzzzz
wxzywwzzzy
wxzyxzxzzz
wxzyzxzzz
wxzyzyzyyy
wxzyzyyzzy
wxzyzzzzyz
wxzyzzzyzy
wxzyzzyzyy
wxzyzzwzyz
wxyvxzzwzy
wxyxzzyyzz
wxyxzyzzzz
wxyyyzzzzt
wxyyyzyzzx
wxyyzyzzyw
wxyyxwyyzz
wxyzwywzyz
wxyzyyyyyz
wxyzxxxxyz
wxyzxxyyzz
wxyzxvywxv
wxyzxzzzzy
wxyzzyyxyy
wxyzzzzvyv
wxyzzzzzyx
wxyzzxyyzz
wxyzzxzyzv
wxyztxzyyy
wyszwyzyzz
wyuywzzxzz
wyvyzzxzzz
wyyxzyzzzx
wyyxzwyyzz
wyyxzzyzzz
wyyxzzxyzx
wyyxzzzyzz
wyyxzzzyxy
wyyuwyzxzy
wyyyyvyzyz
wyyyyzyyxz
wyyyzzyzzx
wyyyzztzzy
wyyyzyzyyy
wyyyxyzzzz
wyyyxzyzuy
wyyyxzxzzy
wyyzvwyyxx
wyyzxvzzyz
wyyzzzxyzz
wyyzzzzzxz
wyyzzxzzxz
wyyzzvzzxz
wyyzyxzzzz
wyyzyyywyx
wyyzyzxzzz
wyyzyzzzyz
wyyzyzzzz
wyxuwzuzzz
wyxyzzzyyy
wyxyzxzyzy
wyxyzyzzzz
wyxyzyyzzz
wyxzwzzzyy
wyxzzxzzzy
wyxzzzzyyz
wyxzzyzyzy
wyxzywzxyz
wyxvwxzzzx
wyzuzzwzyx
wyzuzywzty
wyzvzzzxzz
wyzvyzyzyz
wyzvxyxzzx
wyzwyyyyzz
wyzwzzzxxz
wyzwzwzzyz
wyzxyzzzzy
wyzxyzvyyz
wyzxxvyzzz
wyzxzzzzyz
wyzxzzxxxy
wyzxzzxzyz
wyzyuzzzzz
wyzyxzrzwz
wyzyxzzzy
wyzyxzzxwy
wyzyyuwzyz
wyzyyxzzzx
wyzyyyzzyy
wyzyyzyywz
wyzyyzzwzy
wyzyyzzvxy
wyzyyzzyyz
wyzyyzzxzy
wyzyyzzxyz
wyzyyzzzxz
wyzyyzxzzz
wyzyyzvzzx
wyzyyvyyyz
wyzyzzyyzz
wyzyzzzzyz
wyzyzzzyzz
wyzyzzzxzz
wyzyzyzwxx
wyzyzyxyxy
wyzyzyuzxy
wyzztzzxzw
wyzzxyzzzy
wyzzxzzyz
wyzzxzzyyy
wyzzwzyyzv
wyzzwyzzxz
wyzzwxzzxz
wyzzvzxxyy
wyzzvyuzzy
wyzzzwxxzz
wyzzzxyyzz
wyzzzxyyyy
wyzzzxzzyw
wyzzzxzyzz
wyzzzxzxty
wyzzzzxzyy
wyzzzzyzz
wyzzzzzzxx
wyzzzzzzzz
wyzzzzzuzy
wyzzzzzvxz
wyzzzzzyzy
wyzzzywyxy
wyzzzyzzyy
wyzzzyzzz
wyzzzyzxzy
wyzzzyyzyz
wyzzzyyxyy
wyzzzyywzz
wyzzywzzwz
wyzzyxzyzz
wyzzyvxzzz
wyzzyyyzzy
wyzzyyzzy
wyzzyyzyzz
wyzzyyzwzw
wyzzyztzzz
wyzzyzyzxz
wyzzyzzyzz
wywxyzzwzz
wywyzzzzyw
wywyzyxzzx
wywyzvyyzx
wywzyxyzuz
wywzyyzxzz
wywzzzzwyz
wywzvzzxyz
wzuzxxzyxz
wzuyzzyzwz
wzwvzzyxyz
wzwxyyxzzz
wzwzwzzzwz
wzwzxxwzyv
wzwzxxzxwy
wzwzxzzxzy
wzwzyyzzzy
wzwzyyzyzy
wzwzzvyywz
wzwzzzzxzy
wzwyxxzzzw
wzwyzwzzzz
wzwyzzzyzz
wzwyzzzzyz
wzwyuzzzzz
wzvwzzzzyx
wzvyzyxzyy
wzvzxzzzzy
wzvzzzzyyz
wzvzyyzwyw
wzvzyyxyyx
wzyvyzyzzy
wzyvyzzzzz
wzywxzzzxw
wzywzwxyzy
wzywzyyzyy
wzywyzzzxu
wzyztzzzxz
wzyzwzzzxz
wzyzzwyyzy
wzyzzyzzyx
wzyzzyyyyx
wzyzzzwzz
wzyzzzzxzz
wzyzzzzywz
wzyzzzzz
wzyzzzyzzy
wzyzzxzzzz
wzyzzxyzyz
wzyzzxyyyz
wzyzzxyvyz
wzyzxvxwzx
wzyzxzyxzx
wzyzxzxzzz
wzyzxzzzzx
wzyzxyzzzz
wzyzyzyyzz
wzyzyzyxzz
wzyzyzzyzz
wzyzyzzzwz
wzyzyzzwzz
wzyzyzzwww
wzyzyyzzyz
wzyzyyyzxw
wzyxxzyyzx
wzyxzwzzyx
wzyxztzyyy
wzyxzzyzwz
wzyxzzzyzx
wzyxzzzzzy
wzyxzzzxyz
wzyxyzyzzz
wzyxyzzxzz
wzyxyzzzz
wzyyxxwuzz
wzyyxyxxzx
wzyyyzyyyz
wzyyyxzzzz
wzyyyxyzyz
wzyyzxyxzz
wzyyzxzwyx
wzyyzxzzyw
wzyyzzwzyy
wzyyzzzyzz
wzyyzzyzxy
wzyyzzyyvz
wzyyzyyxwz
wzyywwzzyy
wzxxzzzzzy
wzxxzzyzyy
wzxxzxxyyy
wzxxzxzzzz
wzxxxyyxzz
wzxwzzzxzz
wzxwxyzzzz
wzxzyxyyzz
wzxzyzzzzz
wzxzyzywzz
wzxzyzyzxw
wzxzyyyzzz
wzxzyyzyyy
wzxzyyzzyw
wzxzxzxzzw
wzxzxvxyoz
wzxzzwvzzz
wzxzzyyyxz
wzxzzzxzzz
wzxzzzxxzy
wzxzzzzzxy
wzxzzzzzzy
wzxzzzzxyy
wzxzzzzywz
wzxywzzyzz
wzxyyzzwzz
wzxyyzzyvz
wzxyyyuzzz
wzxyzzyxxz
wzxyzzzwzz
wzxyzxxyzy
wzxyzxzyyy
wzxyzxzzzz
wzxyzywzzx
wzzrzuzzsz
wzzuyvzzyz
wzzuzzyzxz
wzzvyzyyzx
wzzvyzzxyw
wzzvyzxyyz
wzzvwzzzzz
wzzvzzzzzy
wzzvzzzzyy
wzzwxxzyzz
wzzwyzxzyz
wzzwzxyzzz
wzzwzzzyyy
wzzwzzzywz
wzzz
wzzyzywyyz
wzzyzyzxyy
wzzyzyzzyy
wzzyzyvzyz
wzzyzuyzzy
wzzyzwxzwz
wzzyzwzyzy
wzzyzxzyzz
wzzyzxzzxz
wzzyzxyzyy
wzzyzzwzzx
wzzyzzvyxy
wzzyzzxyxz
wzzyzzzwzz
wzzyzzzyyz
wzzyzzzzz
wzzyzzyvsx
wzzyzzyxyx
wzzyzzyzzz
wzzyyyzzyz
wzzyyxzzzz
wzzyyzxzxz
wzzyyzwzzz
wzzyyzyzz
wzzyyzzyz
wzzyxywzzz
wzzyxyzzzy
wzzxzwzyyy
wzzxzzxxxz
wzzxzzzzxx
wzzxzzzzyz
wzzxzzzyzz
wzzxyzzzzz
wzzxyxzyzz
wzzxxwwzzx
wzzxxyzzxz
wzzxxzzvzz
wzzxwzzzxz
x
y
z
